2026-05-08 11:21:45,614 INFO  Logger.cs: 70 - 
--------------------------------------------------------------------------------
2026-05-08 11:21:45,627 INFO  Logger.cs: 71 - Logging commencing for SW2URDF exporter
2026-05-08 11:21:45,628 INFO  Logger.cs: 73 - Commit version 1.6.0-4-g7f85cfe
2026-05-08 11:21:45,628 INFO  Logger.cs: 74 - Build version 1.6.7995.38578
2026-05-08 11:21:45,629 INFO  SwAddin.cs: 192 - Attempting to connect to SW
2026-05-08 11:21:45,629 INFO  SwAddin.cs: 197 - Setting up callbacks
2026-05-08 11:21:45,629 INFO  SwAddin.cs: 201 - Setting up command manager
2026-05-08 11:21:45,630 INFO  SwAddin.cs: 204 - Adding command manager
2026-05-08 11:21:45,631 INFO  SwAddin.cs: 263 - Adding Assembly export to file menu
2026-05-08 11:21:45,632 INFO  SwAddin.cs: 272 - Adding Part export to file menu
2026-05-08 11:21:45,632 INFO  SwAddin.cs: 210 - Adding event handlers
2026-05-08 11:21:45,634 INFO  SwAddin.cs: 217 - Connecting plugin to SolidWorks
2026-05-08 11:26:39,886 INFO  SwAddin.cs: 294 - Assembly export called for file 装配体1.SLDASM
2026-05-08 11:26:39,887 INFO  SwAddin.cs: 299 - Save is required
2026-05-08 11:26:39,887 INFO  SwAddin.cs: 313 - Saving assembly
2026-05-08 11:26:42,303 INFO  SwAddin.cs: 316 - Opening property manager
2026-05-08 11:26:42,312 INFO  ExportHelperExtension.cs: 1125 - Retrieving features of type [CoordSys] from 装配体1.SLDASM
2026-05-08 11:26:42,316 INFO  ExportHelperExtension.cs: 1136 - Found 139 in 装配体1.SLDASM
2026-05-08 11:26:42,317 INFO  ExportHelperExtension.cs: 1145 - Found 2 features of type [CoordSys] in 装配体1.SLDASM
2026-05-08 11:26:42,317 INFO  ExportHelperExtension.cs: 1148 - Proceeding through assembly components
2026-05-08 11:26:42,318 INFO  ExportHelperExtension.cs: 1160 - 26 components to check
2026-05-08 11:26:42,318 INFO  ExportHelperExtension.cs: 1125 - Retrieving features of type [CoordSys] from M-MAKT-950010-B-1
2026-05-08 11:26:42,319 INFO  ExportHelperExtension.cs: 1136 - Found 205 in M-MAKT-950010-B-1
2026-05-08 11:26:42,319 INFO  ExportHelperExtension.cs: 1145 - Found 0 features of type [CoordSys] in M-MAKT-950010-B-1
2026-05-08 11:26:42,320 INFO  ExportHelperExtension.cs: 1125 - Retrieving features of type [CoordSys] from 24V机械臂电源-2
2026-05-08 11:26:42,320 INFO  ExportHelperExtension.cs: 1136 - Found 39 in 24V机械臂电源-2
2026-05-08 11:26:42,320 INFO  ExportHelperExtension.cs: 1145 - Found 0 features of type [CoordSys] in 24V机械臂电源-2
2026-05-08 11:26:42,320 INFO  ExportHelperExtension.cs: 1125 - Retrieving features of type [CoordSys] from M-MAKT-950016-A-1
2026-05-08 11:26:42,320 INFO  ExportHelperExtension.cs: 1136 - Found 67 in M-MAKT-950016-A-1
2026-05-08 11:26:42,321 INFO  ExportHelperExtension.cs: 1145 - Found 0 features of type [CoordSys] in M-MAKT-950016-A-1
2026-05-08 11:26:42,321 INFO  ExportHelperExtension.cs: 1125 - Retrieving features of type [CoordSys] from YF24插座-1
2026-05-08 11:26:42,321 INFO  ExportHelperExtension.cs: 1136 - Found 36 in YF24插座-1
2026-05-08 11:26:42,321 INFO  ExportHelperExtension.cs: 1145 - Found 0 features of type [CoordSys] in YF24插座-1
2026-05-08 11:26:42,321 INFO  ExportHelperExtension.cs: 1125 - Retrieving features of type [CoordSys] from D型模块-1
2026-05-08 11:26:42,322 INFO  ExportHelperExtension.cs: 1136 - Found 29 in D型模块-1
2026-05-08 11:26:42,322 INFO  ExportHelperExtension.cs: 1145 - Found 0 features of type [CoordSys] in D型模块-1
2026-05-08 11:26:42,322 INFO  ExportHelperExtension.cs: 1125 - Retrieving features of type [CoordSys] from 24V机械臂电源-1
2026-05-08 11:26:42,322 INFO  ExportHelperExtension.cs: 1136 - Found 39 in 24V机械臂电源-1
2026-05-08 11:26:42,323 INFO  ExportHelperExtension.cs: 1145 - Found 0 features of type [CoordSys] in 24V机械臂电源-1
2026-05-08 11:26:42,323 INFO  ExportHelperExtension.cs: 1125 - Retrieving features of type [CoordSys] from 夹爪-1
2026-05-08 11:26:42,323 INFO  ExportHelperExtension.cs: 1136 - Found 137 in 夹爪-1
2026-05-08 11:26:42,323 INFO  ExportHelperExtension.cs: 1145 - Found 0 features of type [CoordSys] in 夹爪-1
2026-05-08 11:26:42,324 INFO  ExportHelperExtension.cs: 1125 - Retrieving features of type [CoordSys] from 7轴臂法兰-2
2026-05-08 11:26:42,324 INFO  ExportHelperExtension.cs: 1136 - Found 31 in 7轴臂法兰-2
2026-05-08 11:26:42,324 INFO  ExportHelperExtension.cs: 1145 - Found 0 features of type [CoordSys] in 7轴臂法兰-2
2026-05-08 11:26:42,324 INFO  ExportHelperExtension.cs: 1125 - Retrieving features of type [CoordSys] from HUB-1
2026-05-08 11:26:42,325 INFO  ExportHelperExtension.cs: 1136 - Found 36 in HUB-1
2026-05-08 11:26:42,325 INFO  ExportHelperExtension.cs: 1145 - Found 0 features of type [CoordSys] in HUB-1
2026-05-08 11:26:42,325 INFO  ExportHelperExtension.cs: 1125 - Retrieving features of type [CoordSys] from M-MAKT-950011-A-1
2026-05-08 11:26:42,325 INFO  ExportHelperExtension.cs: 1136 - Found 33 in M-MAKT-950011-A-1
2026-05-08 11:26:42,325 INFO  ExportHelperExtension.cs: 1145 - Found 0 features of type [CoordSys] in M-MAKT-950011-A-1
2026-05-08 11:26:42,326 INFO  ExportHelperExtension.cs: 1125 - Retrieving features of type [CoordSys] from M-MAKT-950014-A-1
2026-05-08 11:26:42,326 INFO  ExportHelperExtension.cs: 1136 - Found 44 in M-MAKT-950014-A-1
2026-05-08 11:26:42,326 INFO  ExportHelperExtension.cs: 1145 - Found 0 features of type [CoordSys] in M-MAKT-950014-A-1
2026-05-08 11:26:42,326 INFO  ExportHelperExtension.cs: 1125 - Retrieving features of type [CoordSys] from 7轴臂法兰-1
2026-05-08 11:26:42,326 INFO  ExportHelperExtension.cs: 1136 - Found 31 in 7轴臂法兰-1
2026-05-08 11:26:42,327 INFO  ExportHelperExtension.cs: 1145 - Found 0 features of type [CoordSys] in 7轴臂法兰-1
2026-05-08 11:26:42,327 INFO  ExportHelperExtension.cs: 1125 - Retrieving features of type [CoordSys] from M-MAKT-950013-A-2
2026-05-08 11:26:42,327 INFO  ExportHelperExtension.cs: 1136 - Found 45 in M-MAKT-950013-A-2
2026-05-08 11:26:42,328 INFO  ExportHelperExtension.cs: 1145 - Found 0 features of type [CoordSys] in M-MAKT-950013-A-2
2026-05-08 11:26:42,328 INFO  ExportHelperExtension.cs: 1125 - Retrieving features of type [CoordSys] from M-MAKT-950012-B-1
2026-05-08 11:26:42,328 INFO  ExportHelperExtension.cs: 1136 - Found 60 in M-MAKT-950012-B-1
2026-05-08 11:26:42,328 INFO  ExportHelperExtension.cs: 1145 - Found 0 features of type [CoordSys] in M-MAKT-950012-B-1
2026-05-08 11:26:42,328 INFO  ExportHelperExtension.cs: 1125 - Retrieving features of type [CoordSys] from M-MAKT-950013-A-1
2026-05-08 11:26:42,329 INFO  ExportHelperExtension.cs: 1136 - Found 45 in M-MAKT-950013-A-1
2026-05-08 11:26:42,329 INFO  ExportHelperExtension.cs: 1145 - Found 0 features of type [CoordSys] in M-MAKT-950013-A-1
2026-05-08 11:26:42,329 INFO  ExportHelperExtension.cs: 1125 - Retrieving features of type [CoordSys] from 夹子-1
2026-05-08 11:26:42,329 INFO  ExportHelperExtension.cs: 1136 - Found 29 in 夹子-1
2026-05-08 11:26:42,329 INFO  ExportHelperExtension.cs: 1145 - Found 0 features of type [CoordSys] in 夹子-1
2026-05-08 11:26:42,330 INFO  ExportHelperExtension.cs: 1125 - Retrieving features of type [CoordSys] from 夹爪-2
2026-05-08 11:26:42,330 INFO  ExportHelperExtension.cs: 1136 - Found 137 in 夹爪-2
2026-05-08 11:26:42,330 INFO  ExportHelperExtension.cs: 1145 - Found 0 features of type [CoordSys] in 夹爪-2
2026-05-08 11:26:42,330 INFO  ExportHelperExtension.cs: 1125 - Retrieving features of type [CoordSys] from 七轴外发模型-1
2026-05-08 11:26:42,330 INFO  ExportHelperExtension.cs: 1136 - Found 43 in 七轴外发模型-1
2026-05-08 11:26:42,331 INFO  ExportHelperExtension.cs: 1145 - Found 0 features of type [CoordSys] in 七轴外发模型-1
2026-05-08 11:26:42,331 INFO  ExportHelperExtension.cs: 1125 - Retrieving features of type [CoordSys] from D435i_Solid-1
2026-05-08 11:26:42,331 INFO  ExportHelperExtension.cs: 1136 - Found 29 in D435i_Solid-1
2026-05-08 11:26:42,331 INFO  ExportHelperExtension.cs: 1145 - Found 0 features of type [CoordSys] in D435i_Solid-1
2026-05-08 11:26:42,331 INFO  ExportHelperExtension.cs: 1125 - Retrieving features of type [CoordSys] from 夹子-2
2026-05-08 11:26:42,332 INFO  ExportHelperExtension.cs: 1136 - Found 29 in 夹子-2
2026-05-08 11:26:42,332 INFO  ExportHelperExtension.cs: 1145 - Found 0 features of type [CoordSys] in 夹子-2
2026-05-08 11:26:42,332 INFO  ExportHelperExtension.cs: 1125 - Retrieving features of type [CoordSys] from 七轴外发模型-2
2026-05-08 11:26:42,332 INFO  ExportHelperExtension.cs: 1136 - Found 43 in 七轴外发模型-2
2026-05-08 11:26:42,332 INFO  ExportHelperExtension.cs: 1145 - Found 0 features of type [CoordSys] in 七轴外发模型-2
2026-05-08 11:26:42,333 INFO  ExportHelperExtension.cs: 1125 - Retrieving features of type [CoordSys] from M-MAKT-950015-A-1
2026-05-08 11:26:42,333 INFO  ExportHelperExtension.cs: 1136 - Found 50 in M-MAKT-950015-A-1
2026-05-08 11:26:42,333 INFO  ExportHelperExtension.cs: 1145 - Found 0 features of type [CoordSys] in M-MAKT-950015-A-1
2026-05-08 11:26:42,333 INFO  ExportHelperExtension.cs: 1125 - Retrieving features of type [CoordSys] from D435i_Solid-2
2026-05-08 11:26:42,333 INFO  ExportHelperExtension.cs: 1136 - Found 29 in D435i_Solid-2
2026-05-08 11:26:42,333 INFO  ExportHelperExtension.cs: 1145 - Found 0 features of type [CoordSys] in D435i_Solid-2
2026-05-08 11:26:42,334 INFO  ExportHelperExtension.cs: 1125 - Retrieving features of type [RefAxis] from 装配体1.SLDASM
2026-05-08 11:26:42,334 INFO  ExportHelperExtension.cs: 1136 - Found 139 in 装配体1.SLDASM
2026-05-08 11:26:42,334 INFO  ExportHelperExtension.cs: 1145 - Found 0 features of type [RefAxis] in 装配体1.SLDASM
2026-05-08 11:26:42,334 INFO  ExportHelperExtension.cs: 1148 - Proceeding through assembly components
2026-05-08 11:26:42,335 INFO  ExportHelperExtension.cs: 1160 - 26 components to check
2026-05-08 11:26:42,335 INFO  ExportHelperExtension.cs: 1125 - Retrieving features of type [RefAxis] from M-MAKT-950010-B-1
2026-05-08 11:26:42,335 INFO  ExportHelperExtension.cs: 1136 - Found 205 in M-MAKT-950010-B-1
2026-05-08 11:26:42,335 INFO  ExportHelperExtension.cs: 1145 - Found 0 features of type [RefAxis] in M-MAKT-950010-B-1
2026-05-08 11:26:42,336 INFO  ExportHelperExtension.cs: 1125 - Retrieving features of type [RefAxis] from 24V机械臂电源-2
2026-05-08 11:26:42,336 INFO  ExportHelperExtension.cs: 1136 - Found 39 in 24V机械臂电源-2
2026-05-08 11:26:42,336 INFO  ExportHelperExtension.cs: 1145 - Found 0 features of type [RefAxis] in 24V机械臂电源-2
2026-05-08 11:26:42,336 INFO  ExportHelperExtension.cs: 1125 - Retrieving features of type [RefAxis] from M-MAKT-950016-A-1
2026-05-08 11:26:42,336 INFO  ExportHelperExtension.cs: 1136 - Found 67 in M-MAKT-950016-A-1
2026-05-08 11:26:42,337 INFO  ExportHelperExtension.cs: 1145 - Found 0 features of type [RefAxis] in M-MAKT-950016-A-1
2026-05-08 11:26:42,337 INFO  ExportHelperExtension.cs: 1125 - Retrieving features of type [RefAxis] from YF24插座-1
2026-05-08 11:26:42,337 INFO  ExportHelperExtension.cs: 1136 - Found 36 in YF24插座-1
2026-05-08 11:26:42,337 INFO  ExportHelperExtension.cs: 1145 - Found 0 features of type [RefAxis] in YF24插座-1
2026-05-08 11:26:42,337 INFO  ExportHelperExtension.cs: 1125 - Retrieving features of type [RefAxis] from D型模块-1
2026-05-08 11:26:42,337 INFO  ExportHelperExtension.cs: 1136 - Found 29 in D型模块-1
2026-05-08 11:26:42,338 INFO  ExportHelperExtension.cs: 1145 - Found 0 features of type [RefAxis] in D型模块-1
2026-05-08 11:26:42,338 INFO  ExportHelperExtension.cs: 1125 - Retrieving features of type [RefAxis] from 24V机械臂电源-1
2026-05-08 11:26:42,338 INFO  ExportHelperExtension.cs: 1136 - Found 39 in 24V机械臂电源-1
2026-05-08 11:26:42,338 INFO  ExportHelperExtension.cs: 1145 - Found 0 features of type [RefAxis] in 24V机械臂电源-1
2026-05-08 11:26:42,338 INFO  ExportHelperExtension.cs: 1125 - Retrieving features of type [RefAxis] from 夹爪-1
2026-05-08 11:26:42,338 INFO  ExportHelperExtension.cs: 1136 - Found 137 in 夹爪-1
2026-05-08 11:26:42,339 INFO  ExportHelperExtension.cs: 1145 - Found 0 features of type [RefAxis] in 夹爪-1
2026-05-08 11:26:42,339 INFO  ExportHelperExtension.cs: 1125 - Retrieving features of type [RefAxis] from 7轴臂法兰-2
2026-05-08 11:26:42,339 INFO  ExportHelperExtension.cs: 1136 - Found 31 in 7轴臂法兰-2
2026-05-08 11:26:42,339 INFO  ExportHelperExtension.cs: 1145 - Found 0 features of type [RefAxis] in 7轴臂法兰-2
2026-05-08 11:26:42,339 INFO  ExportHelperExtension.cs: 1125 - Retrieving features of type [RefAxis] from HUB-1
2026-05-08 11:26:42,340 INFO  ExportHelperExtension.cs: 1136 - Found 36 in HUB-1
2026-05-08 11:26:42,340 INFO  ExportHelperExtension.cs: 1145 - Found 0 features of type [RefAxis] in HUB-1
2026-05-08 11:26:42,340 INFO  ExportHelperExtension.cs: 1125 - Retrieving features of type [RefAxis] from M-MAKT-950011-A-1
2026-05-08 11:26:42,340 INFO  ExportHelperExtension.cs: 1136 - Found 33 in M-MAKT-950011-A-1
2026-05-08 11:26:42,340 INFO  ExportHelperExtension.cs: 1145 - Found 0 features of type [RefAxis] in M-MAKT-950011-A-1
2026-05-08 11:26:42,340 INFO  ExportHelperExtension.cs: 1125 - Retrieving features of type [RefAxis] from M-MAKT-950014-A-1
2026-05-08 11:26:42,341 INFO  ExportHelperExtension.cs: 1136 - Found 44 in M-MAKT-950014-A-1
2026-05-08 11:26:42,341 INFO  ExportHelperExtension.cs: 1145 - Found 0 features of type [RefAxis] in M-MAKT-950014-A-1
2026-05-08 11:26:42,341 INFO  ExportHelperExtension.cs: 1125 - Retrieving features of type [RefAxis] from 7轴臂法兰-1
2026-05-08 11:26:42,341 INFO  ExportHelperExtension.cs: 1136 - Found 31 in 7轴臂法兰-1
2026-05-08 11:26:42,341 INFO  ExportHelperExtension.cs: 1145 - Found 0 features of type [RefAxis] in 7轴臂法兰-1
2026-05-08 11:26:42,341 INFO  ExportHelperExtension.cs: 1125 - Retrieving features of type [RefAxis] from M-MAKT-950013-A-2
2026-05-08 11:26:42,342 INFO  ExportHelperExtension.cs: 1136 - Found 45 in M-MAKT-950013-A-2
2026-05-08 11:26:42,342 INFO  ExportHelperExtension.cs: 1145 - Found 0 features of type [RefAxis] in M-MAKT-950013-A-2
2026-05-08 11:26:42,342 INFO  ExportHelperExtension.cs: 1125 - Retrieving features of type [RefAxis] from M-MAKT-950012-B-1
2026-05-08 11:26:42,342 INFO  ExportHelperExtension.cs: 1136 - Found 60 in M-MAKT-950012-B-1
2026-05-08 11:26:42,342 INFO  ExportHelperExtension.cs: 1145 - Found 0 features of type [RefAxis] in M-MAKT-950012-B-1
2026-05-08 11:26:42,343 INFO  ExportHelperExtension.cs: 1125 - Retrieving features of type [RefAxis] from M-MAKT-950013-A-1
2026-05-08 11:26:42,343 INFO  ExportHelperExtension.cs: 1136 - Found 45 in M-MAKT-950013-A-1
2026-05-08 11:26:42,343 INFO  ExportHelperExtension.cs: 1145 - Found 0 features of type [RefAxis] in M-MAKT-950013-A-1
2026-05-08 11:26:42,343 INFO  ExportHelperExtension.cs: 1125 - Retrieving features of type [RefAxis] from 夹子-1
2026-05-08 11:26:42,343 INFO  ExportHelperExtension.cs: 1136 - Found 29 in 夹子-1
2026-05-08 11:26:42,343 INFO  ExportHelperExtension.cs: 1145 - Found 0 features of type [RefAxis] in 夹子-1
2026-05-08 11:26:42,344 INFO  ExportHelperExtension.cs: 1125 - Retrieving features of type [RefAxis] from 夹爪-2
2026-05-08 11:26:42,344 INFO  ExportHelperExtension.cs: 1136 - Found 137 in 夹爪-2
2026-05-08 11:26:42,344 INFO  ExportHelperExtension.cs: 1145 - Found 0 features of type [RefAxis] in 夹爪-2
2026-05-08 11:26:42,344 INFO  ExportHelperExtension.cs: 1125 - Retrieving features of type [RefAxis] from 七轴外发模型-1
2026-05-08 11:26:42,344 INFO  ExportHelperExtension.cs: 1136 - Found 43 in 七轴外发模型-1
2026-05-08 11:26:42,345 INFO  ExportHelperExtension.cs: 1145 - Found 1 features of type [RefAxis] in 七轴外发模型-1
2026-05-08 11:26:42,345 INFO  ExportHelperExtension.cs: 1125 - Retrieving features of type [RefAxis] from D435i_Solid-1
2026-05-08 11:26:42,345 INFO  ExportHelperExtension.cs: 1136 - Found 29 in D435i_Solid-1
2026-05-08 11:26:42,345 INFO  ExportHelperExtension.cs: 1145 - Found 0 features of type [RefAxis] in D435i_Solid-1
2026-05-08 11:26:42,345 INFO  ExportHelperExtension.cs: 1125 - Retrieving features of type [RefAxis] from 夹子-2
2026-05-08 11:26:42,345 INFO  ExportHelperExtension.cs: 1136 - Found 29 in 夹子-2
2026-05-08 11:26:42,346 INFO  ExportHelperExtension.cs: 1145 - Found 0 features of type [RefAxis] in 夹子-2
2026-05-08 11:26:42,346 INFO  ExportHelperExtension.cs: 1125 - Retrieving features of type [RefAxis] from 七轴外发模型-2
2026-05-08 11:26:42,346 INFO  ExportHelperExtension.cs: 1136 - Found 43 in 七轴外发模型-2
2026-05-08 11:26:42,346 INFO  ExportHelperExtension.cs: 1145 - Found 1 features of type [RefAxis] in 七轴外发模型-2
2026-05-08 11:26:42,346 INFO  ExportHelperExtension.cs: 1125 - Retrieving features of type [RefAxis] from M-MAKT-950015-A-1
2026-05-08 11:26:42,346 INFO  ExportHelperExtension.cs: 1136 - Found 50 in M-MAKT-950015-A-1
2026-05-08 11:26:42,349 INFO  ExportHelperExtension.cs: 1145 - Found 0 features of type [RefAxis] in M-MAKT-950015-A-1
2026-05-08 11:26:42,349 INFO  ExportHelperExtension.cs: 1125 - Retrieving features of type [RefAxis] from D435i_Solid-2
2026-05-08 11:26:42,413 INFO  ExportHelperExtension.cs: 1136 - Found 29 in D435i_Solid-2
2026-05-08 11:26:42,414 INFO  ExportHelperExtension.cs: 1145 - Found 0 features of type [RefAxis] in D435i_Solid-2
2026-05-08 11:26:42,579 INFO  SwAddin.cs: 339 - Loading config tree
2026-05-08 11:26:42,581 INFO  ExportPropertyManagerExtension.cs: 520 - Starting new configuration
2026-05-08 11:26:42,583 INFO  SwAddin.cs: 344 - Showing property manager
2026-05-08 11:27:21,039 INFO  ExportPropertyManager.cs: 1142 - AfterClose called. This method no longer throws an Exception. It just silently does nothing. Ok, except for this logging message
2026-05-08 11:27:37,409 INFO  SwAddin.cs: 294 - Assembly export called for file 装配体1.SLDASM
2026-05-08 11:27:40,439 INFO  SwAddin.cs: 313 - Saving assembly
2026-05-08 11:27:41,234 INFO  SwAddin.cs: 316 - Opening property manager
2026-05-08 11:27:41,235 INFO  ExportHelperExtension.cs: 1125 - Retrieving features of type [CoordSys] from 装配体1.SLDASM
2026-05-08 11:27:41,235 INFO  ExportHelperExtension.cs: 1136 - Found 139 in 装配体1.SLDASM
2026-05-08 11:27:41,236 INFO  ExportHelperExtension.cs: 1145 - Found 2 features of type [CoordSys] in 装配体1.SLDASM
2026-05-08 11:27:41,236 INFO  ExportHelperExtension.cs: 1148 - Proceeding through assembly components
2026-05-08 11:27:41,236 INFO  ExportHelperExtension.cs: 1160 - 26 components to check
2026-05-08 11:27:41,236 INFO  ExportHelperExtension.cs: 1125 - Retrieving features of type [CoordSys] from M-MAKT-950010-B-1
2026-05-08 11:27:41,236 INFO  ExportHelperExtension.cs: 1136 - Found 205 in M-MAKT-950010-B-1
2026-05-08 11:27:41,238 INFO  ExportHelperExtension.cs: 1145 - Found 0 features of type [CoordSys] in M-MAKT-950010-B-1
2026-05-08 11:27:41,238 INFO  ExportHelperExtension.cs: 1125 - Retrieving features of type [CoordSys] from 24V机械臂电源-2
2026-05-08 11:27:41,238 INFO  ExportHelperExtension.cs: 1136 - Found 39 in 24V机械臂电源-2
2026-05-08 11:27:41,239 INFO  ExportHelperExtension.cs: 1145 - Found 0 features of type [CoordSys] in 24V机械臂电源-2
2026-05-08 11:27:41,239 INFO  ExportHelperExtension.cs: 1125 - Retrieving features of type [CoordSys] from M-MAKT-950016-A-1
2026-05-08 11:27:41,239 INFO  ExportHelperExtension.cs: 1136 - Found 67 in M-MAKT-950016-A-1
2026-05-08 11:27:41,239 INFO  ExportHelperExtension.cs: 1145 - Found 0 features of type [CoordSys] in M-MAKT-950016-A-1
2026-05-08 11:27:41,239 INFO  ExportHelperExtension.cs: 1125 - Retrieving features of type [CoordSys] from YF24插座-1
2026-05-08 11:27:41,240 INFO  ExportHelperExtension.cs: 1136 - Found 36 in YF24插座-1
2026-05-08 11:27:41,240 INFO  ExportHelperExtension.cs: 1145 - Found 0 features of type [CoordSys] in YF24插座-1
2026-05-08 11:27:41,240 INFO  ExportHelperExtension.cs: 1125 - Retrieving features of type [CoordSys] from D型模块-1
2026-05-08 11:27:41,240 INFO  ExportHelperExtension.cs: 1136 - Found 29 in D型模块-1
2026-05-08 11:27:41,241 INFO  ExportHelperExtension.cs: 1145 - Found 0 features of type [CoordSys] in D型模块-1
2026-05-08 11:27:41,241 INFO  ExportHelperExtension.cs: 1125 - Retrieving features of type [CoordSys] from 24V机械臂电源-1
2026-05-08 11:27:41,241 INFO  ExportHelperExtension.cs: 1136 - Found 39 in 24V机械臂电源-1
2026-05-08 11:27:41,241 INFO  ExportHelperExtension.cs: 1145 - Found 0 features of type [CoordSys] in 24V机械臂电源-1
2026-05-08 11:27:41,241 INFO  ExportHelperExtension.cs: 1125 - Retrieving features of type [CoordSys] from 夹爪-1
2026-05-08 11:27:41,242 INFO  ExportHelperExtension.cs: 1136 - Found 137 in 夹爪-1
2026-05-08 11:27:41,242 INFO  ExportHelperExtension.cs: 1145 - Found 0 features of type [CoordSys] in 夹爪-1
2026-05-08 11:27:41,242 INFO  ExportHelperExtension.cs: 1125 - Retrieving features of type [CoordSys] from 7轴臂法兰-2
2026-05-08 11:27:41,242 INFO  ExportHelperExtension.cs: 1136 - Found 31 in 7轴臂法兰-2
2026-05-08 11:27:41,243 INFO  ExportHelperExtension.cs: 1145 - Found 0 features of type [CoordSys] in 7轴臂法兰-2
2026-05-08 11:27:41,243 INFO  ExportHelperExtension.cs: 1125 - Retrieving features of type [CoordSys] from HUB-1
2026-05-08 11:27:41,243 INFO  ExportHelperExtension.cs: 1136 - Found 36 in HUB-1
2026-05-08 11:27:41,243 INFO  ExportHelperExtension.cs: 1145 - Found 0 features of type [CoordSys] in HUB-1
2026-05-08 11:27:41,243 INFO  ExportHelperExtension.cs: 1125 - Retrieving features of type [CoordSys] from M-MAKT-950011-A-1
2026-05-08 11:27:41,244 INFO  ExportHelperExtension.cs: 1136 - Found 33 in M-MAKT-950011-A-1
2026-05-08 11:27:41,244 INFO  ExportHelperExtension.cs: 1145 - Found 0 features of type [CoordSys] in M-MAKT-950011-A-1
2026-05-08 11:27:41,244 INFO  ExportHelperExtension.cs: 1125 - Retrieving features of type [CoordSys] from M-MAKT-950014-A-1
2026-05-08 11:27:41,244 INFO  ExportHelperExtension.cs: 1136 - Found 44 in M-MAKT-950014-A-1
2026-05-08 11:27:41,244 INFO  ExportHelperExtension.cs: 1145 - Found 0 features of type [CoordSys] in M-MAKT-950014-A-1
2026-05-08 11:27:41,245 INFO  ExportHelperExtension.cs: 1125 - Retrieving features of type [CoordSys] from 7轴臂法兰-1
2026-05-08 11:27:41,245 INFO  ExportHelperExtension.cs: 1136 - Found 31 in 7轴臂法兰-1
2026-05-08 11:27:41,245 INFO  ExportHelperExtension.cs: 1145 - Found 0 features of type [CoordSys] in 7轴臂法兰-1
2026-05-08 11:27:41,245 INFO  ExportHelperExtension.cs: 1125 - Retrieving features of type [CoordSys] from M-MAKT-950013-A-2
2026-05-08 11:27:41,245 INFO  ExportHelperExtension.cs: 1136 - Found 45 in M-MAKT-950013-A-2
2026-05-08 11:27:41,245 INFO  ExportHelperExtension.cs: 1145 - Found 0 features of type [CoordSys] in M-MAKT-950013-A-2
2026-05-08 11:27:41,246 INFO  ExportHelperExtension.cs: 1125 - Retrieving features of type [CoordSys] from M-MAKT-950012-B-1
2026-05-08 11:27:41,246 INFO  ExportHelperExtension.cs: 1136 - Found 60 in M-MAKT-950012-B-1
2026-05-08 11:27:41,246 INFO  ExportHelperExtension.cs: 1145 - Found 0 features of type [CoordSys] in M-MAKT-950012-B-1
2026-05-08 11:27:41,246 INFO  ExportHelperExtension.cs: 1125 - Retrieving features of type [CoordSys] from M-MAKT-950013-A-1
2026-05-08 11:27:41,247 INFO  ExportHelperExtension.cs: 1136 - Found 45 in M-MAKT-950013-A-1
2026-05-08 11:27:41,247 INFO  ExportHelperExtension.cs: 1145 - Found 0 features of type [CoordSys] in M-MAKT-950013-A-1
2026-05-08 11:27:41,247 INFO  ExportHelperExtension.cs: 1125 - Retrieving features of type [CoordSys] from 夹子-1
2026-05-08 11:27:41,247 INFO  ExportHelperExtension.cs: 1136 - Found 29 in 夹子-1
2026-05-08 11:27:41,248 INFO  ExportHelperExtension.cs: 1145 - Found 0 features of type [CoordSys] in 夹子-1
2026-05-08 11:27:41,248 INFO  ExportHelperExtension.cs: 1125 - Retrieving features of type [CoordSys] from 夹爪-2
2026-05-08 11:27:41,248 INFO  ExportHelperExtension.cs: 1136 - Found 137 in 夹爪-2
2026-05-08 11:27:41,248 INFO  ExportHelperExtension.cs: 1145 - Found 0 features of type [CoordSys] in 夹爪-2
2026-05-08 11:27:41,249 INFO  ExportHelperExtension.cs: 1125 - Retrieving features of type [CoordSys] from 七轴外发模型-1
2026-05-08 11:27:41,249 INFO  ExportHelperExtension.cs: 1136 - Found 43 in 七轴外发模型-1
2026-05-08 11:27:41,249 INFO  ExportHelperExtension.cs: 1145 - Found 0 features of type [CoordSys] in 七轴外发模型-1
2026-05-08 11:27:41,249 INFO  ExportHelperExtension.cs: 1125 - Retrieving features of type [CoordSys] from D435i_Solid-1
2026-05-08 11:27:41,249 INFO  ExportHelperExtension.cs: 1136 - Found 29 in D435i_Solid-1
2026-05-08 11:27:41,250 INFO  ExportHelperExtension.cs: 1145 - Found 0 features of type [CoordSys] in D435i_Solid-1
2026-05-08 11:27:41,250 INFO  ExportHelperExtension.cs: 1125 - Retrieving features of type [CoordSys] from 夹子-2
2026-05-08 11:27:41,250 INFO  ExportHelperExtension.cs: 1136 - Found 29 in 夹子-2
2026-05-08 11:27:41,250 INFO  ExportHelperExtension.cs: 1145 - Found 0 features of type [CoordSys] in 夹子-2
2026-05-08 11:27:41,250 INFO  ExportHelperExtension.cs: 1125 - Retrieving features of type [CoordSys] from 七轴外发模型-2
2026-05-08 11:27:41,250 INFO  ExportHelperExtension.cs: 1136 - Found 43 in 七轴外发模型-2
2026-05-08 11:27:41,250 INFO  ExportHelperExtension.cs: 1145 - Found 0 features of type [CoordSys] in 七轴外发模型-2
2026-05-08 11:27:41,250 INFO  ExportHelperExtension.cs: 1125 - Retrieving features of type [CoordSys] from M-MAKT-950015-A-1
2026-05-08 11:27:41,250 INFO  ExportHelperExtension.cs: 1136 - Found 50 in M-MAKT-950015-A-1
2026-05-08 11:27:41,250 INFO  ExportHelperExtension.cs: 1145 - Found 0 features of type [CoordSys] in M-MAKT-950015-A-1
2026-05-08 11:27:41,253 INFO  ExportHelperExtension.cs: 1125 - Retrieving features of type [CoordSys] from D435i_Solid-2
2026-05-08 11:27:41,261 INFO  ExportHelperExtension.cs: 1136 - Found 29 in D435i_Solid-2
2026-05-08 11:27:41,261 INFO  ExportHelperExtension.cs: 1145 - Found 0 features of type [CoordSys] in D435i_Solid-2
2026-05-08 11:27:41,262 INFO  ExportHelperExtension.cs: 1125 - Retrieving features of type [RefAxis] from 装配体1.SLDASM
2026-05-08 11:27:41,262 INFO  ExportHelperExtension.cs: 1136 - Found 139 in 装配体1.SLDASM
2026-05-08 11:27:41,262 INFO  ExportHelperExtension.cs: 1145 - Found 0 features of type [RefAxis] in 装配体1.SLDASM
2026-05-08 11:27:41,262 INFO  ExportHelperExtension.cs: 1148 - Proceeding through assembly components
2026-05-08 11:27:41,262 INFO  ExportHelperExtension.cs: 1160 - 26 components to check
2026-05-08 11:27:41,263 INFO  ExportHelperExtension.cs: 1125 - Retrieving features of type [RefAxis] from M-MAKT-950010-B-1
2026-05-08 11:27:41,263 INFO  ExportHelperExtension.cs: 1136 - Found 205 in M-MAKT-950010-B-1
2026-05-08 11:27:41,264 INFO  ExportHelperExtension.cs: 1145 - Found 0 features of type [RefAxis] in M-MAKT-950010-B-1
2026-05-08 11:27:41,264 INFO  ExportHelperExtension.cs: 1125 - Retrieving features of type [RefAxis] from 24V机械臂电源-2
2026-05-08 11:27:41,264 INFO  ExportHelperExtension.cs: 1136 - Found 39 in 24V机械臂电源-2
2026-05-08 11:27:41,265 INFO  ExportHelperExtension.cs: 1145 - Found 0 features of type [RefAxis] in 24V机械臂电源-2
2026-05-08 11:27:41,265 INFO  ExportHelperExtension.cs: 1125 - Retrieving features of type [RefAxis] from M-MAKT-950016-A-1
2026-05-08 11:27:41,265 INFO  ExportHelperExtension.cs: 1136 - Found 67 in M-MAKT-950016-A-1
2026-05-08 11:27:41,265 INFO  ExportHelperExtension.cs: 1145 - Found 0 features of type [RefAxis] in M-MAKT-950016-A-1
2026-05-08 11:27:41,266 INFO  ExportHelperExtension.cs: 1125 - Retrieving features of type [RefAxis] from YF24插座-1
2026-05-08 11:27:41,266 INFO  ExportHelperExtension.cs: 1136 - Found 36 in YF24插座-1
2026-05-08 11:27:41,266 INFO  ExportHelperExtension.cs: 1145 - Found 0 features of type [RefAxis] in YF24插座-1
2026-05-08 11:27:41,266 INFO  ExportHelperExtension.cs: 1125 - Retrieving features of type [RefAxis] from D型模块-1
2026-05-08 11:27:41,266 INFO  ExportHelperExtension.cs: 1136 - Found 29 in D型模块-1
2026-05-08 11:27:41,267 INFO  ExportHelperExtension.cs: 1145 - Found 0 features of type [RefAxis] in D型模块-1
2026-05-08 11:27:41,267 INFO  ExportHelperExtension.cs: 1125 - Retrieving features of type [RefAxis] from 24V机械臂电源-1
2026-05-08 11:27:41,267 INFO  ExportHelperExtension.cs: 1136 - Found 39 in 24V机械臂电源-1
2026-05-08 11:27:41,267 INFO  ExportHelperExtension.cs: 1145 - Found 0 features of type [RefAxis] in 24V机械臂电源-1
2026-05-08 11:27:41,267 INFO  ExportHelperExtension.cs: 1125 - Retrieving features of type [RefAxis] from 夹爪-1
2026-05-08 11:27:41,268 INFO  ExportHelperExtension.cs: 1136 - Found 137 in 夹爪-1
2026-05-08 11:27:41,268 INFO  ExportHelperExtension.cs: 1145 - Found 0 features of type [RefAxis] in 夹爪-1
2026-05-08 11:27:41,268 INFO  ExportHelperExtension.cs: 1125 - Retrieving features of type [RefAxis] from 7轴臂法兰-2
2026-05-08 11:27:41,268 INFO  ExportHelperExtension.cs: 1136 - Found 31 in 7轴臂法兰-2
2026-05-08 11:27:41,268 INFO  ExportHelperExtension.cs: 1145 - Found 0 features of type [RefAxis] in 7轴臂法兰-2
2026-05-08 11:27:41,269 INFO  ExportHelperExtension.cs: 1125 - Retrieving features of type [RefAxis] from HUB-1
2026-05-08 11:27:41,269 INFO  ExportHelperExtension.cs: 1136 - Found 36 in HUB-1
2026-05-08 11:27:41,269 INFO  ExportHelperExtension.cs: 1145 - Found 0 features of type [RefAxis] in HUB-1
2026-05-08 11:27:41,269 INFO  ExportHelperExtension.cs: 1125 - Retrieving features of type [RefAxis] from M-MAKT-950011-A-1
2026-05-08 11:27:41,269 INFO  ExportHelperExtension.cs: 1136 - Found 33 in M-MAKT-950011-A-1
2026-05-08 11:27:41,270 INFO  ExportHelperExtension.cs: 1145 - Found 0 features of type [RefAxis] in M-MAKT-950011-A-1
2026-05-08 11:27:41,270 INFO  ExportHelperExtension.cs: 1125 - Retrieving features of type [RefAxis] from M-MAKT-950014-A-1
2026-05-08 11:27:41,270 INFO  ExportHelperExtension.cs: 1136 - Found 44 in M-MAKT-950014-A-1
2026-05-08 11:27:41,270 INFO  ExportHelperExtension.cs: 1145 - Found 0 features of type [RefAxis] in M-MAKT-950014-A-1
2026-05-08 11:27:41,270 INFO  ExportHelperExtension.cs: 1125 - Retrieving features of type [RefAxis] from 7轴臂法兰-1
2026-05-08 11:27:41,270 INFO  ExportHelperExtension.cs: 1136 - Found 31 in 7轴臂法兰-1
2026-05-08 11:27:41,271 INFO  ExportHelperExtension.cs: 1145 - Found 0 features of type [RefAxis] in 7轴臂法兰-1
2026-05-08 11:27:41,271 INFO  ExportHelperExtension.cs: 1125 - Retrieving features of type [RefAxis] from M-MAKT-950013-A-2
2026-05-08 11:27:41,271 INFO  ExportHelperExtension.cs: 1136 - Found 45 in M-MAKT-950013-A-2
2026-05-08 11:27:41,271 INFO  ExportHelperExtension.cs: 1145 - Found 0 features of type [RefAxis] in M-MAKT-950013-A-2
2026-05-08 11:27:41,271 INFO  ExportHelperExtension.cs: 1125 - Retrieving features of type [RefAxis] from M-MAKT-950012-B-1
2026-05-08 11:27:41,272 INFO  ExportHelperExtension.cs: 1136 - Found 60 in M-MAKT-950012-B-1
2026-05-08 11:27:41,272 INFO  ExportHelperExtension.cs: 1145 - Found 0 features of type [RefAxis] in M-MAKT-950012-B-1
2026-05-08 11:27:41,272 INFO  ExportHelperExtension.cs: 1125 - Retrieving features of type [RefAxis] from M-MAKT-950013-A-1
2026-05-08 11:27:41,272 INFO  ExportHelperExtension.cs: 1136 - Found 45 in M-MAKT-950013-A-1
2026-05-08 11:27:41,272 INFO  ExportHelperExtension.cs: 1145 - Found 0 features of type [RefAxis] in M-MAKT-950013-A-1
2026-05-08 11:27:41,272 INFO  ExportHelperExtension.cs: 1125 - Retrieving features of type [RefAxis] from 夹子-1
2026-05-08 11:27:41,273 INFO  ExportHelperExtension.cs: 1136 - Found 29 in 夹子-1
2026-05-08 11:27:41,273 INFO  ExportHelperExtension.cs: 1145 - Found 0 features of type [RefAxis] in 夹子-1
2026-05-08 11:27:41,273 INFO  ExportHelperExtension.cs: 1125 - Retrieving features of type [RefAxis] from 夹爪-2
2026-05-08 11:27:41,273 INFO  ExportHelperExtension.cs: 1136 - Found 137 in 夹爪-2
2026-05-08 11:27:41,274 INFO  ExportHelperExtension.cs: 1145 - Found 0 features of type [RefAxis] in 夹爪-2
2026-05-08 11:27:41,274 INFO  ExportHelperExtension.cs: 1125 - Retrieving features of type [RefAxis] from 七轴外发模型-1
2026-05-08 11:27:41,274 INFO  ExportHelperExtension.cs: 1136 - Found 43 in 七轴外发模型-1
2026-05-08 11:27:41,274 INFO  ExportHelperExtension.cs: 1145 - Found 1 features of type [RefAxis] in 七轴外发模型-1
2026-05-08 11:27:41,274 INFO  ExportHelperExtension.cs: 1125 - Retrieving features of type [RefAxis] from D435i_Solid-1
2026-05-08 11:27:41,274 INFO  ExportHelperExtension.cs: 1136 - Found 29 in D435i_Solid-1
2026-05-08 11:27:41,275 INFO  ExportHelperExtension.cs: 1145 - Found 0 features of type [RefAxis] in D435i_Solid-1
2026-05-08 11:27:41,275 INFO  ExportHelperExtension.cs: 1125 - Retrieving features of type [RefAxis] from 夹子-2
2026-05-08 11:27:41,275 INFO  ExportHelperExtension.cs: 1136 - Found 29 in 夹子-2
2026-05-08 11:27:41,275 INFO  ExportHelperExtension.cs: 1145 - Found 0 features of type [RefAxis] in 夹子-2
2026-05-08 11:27:41,275 INFO  ExportHelperExtension.cs: 1125 - Retrieving features of type [RefAxis] from 七轴外发模型-2
2026-05-08 11:27:41,275 INFO  ExportHelperExtension.cs: 1136 - Found 43 in 七轴外发模型-2
2026-05-08 11:27:41,276 INFO  ExportHelperExtension.cs: 1145 - Found 1 features of type [RefAxis] in 七轴外发模型-2
2026-05-08 11:27:41,276 INFO  ExportHelperExtension.cs: 1125 - Retrieving features of type [RefAxis] from M-MAKT-950015-A-1
2026-05-08 11:27:41,276 INFO  ExportHelperExtension.cs: 1136 - Found 50 in M-MAKT-950015-A-1
2026-05-08 11:27:41,276 INFO  ExportHelperExtension.cs: 1145 - Found 0 features of type [RefAxis] in M-MAKT-950015-A-1
2026-05-08 11:27:41,276 INFO  ExportHelperExtension.cs: 1125 - Retrieving features of type [RefAxis] from D435i_Solid-2
2026-05-08 11:27:41,277 INFO  ExportHelperExtension.cs: 1136 - Found 29 in D435i_Solid-2
2026-05-08 11:27:41,277 INFO  ExportHelperExtension.cs: 1145 - Found 0 features of type [RefAxis] in D435i_Solid-2
2026-05-08 11:27:41,298 INFO  SwAddin.cs: 339 - Loading config tree
2026-05-08 11:27:41,299 INFO  ExportPropertyManagerExtension.cs: 520 - Starting new configuration
2026-05-08 11:27:41,300 INFO  SwAddin.cs: 344 - Showing property manager
2026-05-08 11:28:04,078 INFO  ExportPropertyManager.cs: 1136 - OnNumberBoxTrackingCompleted called. This method no longer throws an Exception. It just silently does nothing. Ok, except for this logging message
2026-05-08 11:28:39,796 INFO  ExportPropertyManager.cs: 1018 - OnComboboxSelectionChanged called. This method no longer throws an Exception. It just silently does nothing. Ok, except for this logging message
2026-05-08 11:28:40,973 INFO  ExportPropertyManager.cs: 1018 - OnComboboxSelectionChanged called. This method no longer throws an Exception. It just silently does nothing. Ok, except for this logging message
2026-05-08 11:28:42,300 INFO  ExportPropertyManager.cs: 1018 - OnComboboxSelectionChanged called. This method no longer throws an Exception. It just silently does nothing. Ok, except for this logging message
2026-05-08 11:29:06,413 INFO  ExportPropertyManager.cs: 422 - Configuration saved
2026-05-08 11:29:08,615 INFO  ExportHelperExtension.cs: 347 - Creating joint camera_stand_Link
2026-05-08 11:29:08,618 INFO  ExportHelperExtension.cs: 1397 - Fixing components for base_link
2026-05-08 11:29:08,619 INFO  ExportHelperExtension.cs: 1402 - Fixing 25
2026-05-08 11:29:08,619 INFO  ExportHelperExtension.cs: 1409 - Component 25 is already fixed
2026-05-08 11:29:08,619 INFO  ExportHelperExtension.cs: 1402 - Fixing 70
2026-05-08 11:29:08,619 INFO  ExportHelperExtension.cs: 1402 - Fixing 26
2026-05-08 11:29:08,619 INFO  ExportHelperExtension.cs: 1402 - Fixing 29
2026-05-08 11:29:08,620 INFO  ExportHelperExtension.cs: 1402 - Fixing 74
2026-05-08 11:29:08,620 INFO  ExportHelperExtension.cs: 1402 - Fixing 88
2026-05-08 11:29:08,620 INFO  ExportHelperExtension.cs: 1402 - Fixing 60
2026-05-08 11:29:08,620 INFO  ExportHelperExtension.cs: 1402 - Fixing 80
2026-05-08 11:29:08,620 INFO  ExportHelperExtension.cs: 1402 - Fixing 112
2026-05-08 11:29:09,093 INFO  : 0 - R1: 1, System.__ComObject, 1, System.Double[]
2026-05-08 11:29:09,095 INFO  ExportHelperExtension.cs: 841 - R2: 0, 0
2026-05-08 11:29:09,095 INFO  ExportHelperExtension.cs: 849 - L1: 0
2026-05-08 11:29:09,095 INFO  ExportHelperExtension.cs: 857 - L2: 0
2026-05-08 11:29:09,110 INFO  ExportHelperExtension.cs: 1352 - Unfixing component 70
2026-05-08 11:29:09,110 INFO  ExportHelperExtension.cs: 1352 - Unfixing component 26
2026-05-08 11:29:09,110 INFO  ExportHelperExtension.cs: 1352 - Unfixing component 29
2026-05-08 11:29:09,110 INFO  ExportHelperExtension.cs: 1352 - Unfixing component 74
2026-05-08 11:29:09,111 INFO  ExportHelperExtension.cs: 1352 - Unfixing component 88
2026-05-08 11:29:09,111 INFO  ExportHelperExtension.cs: 1352 - Unfixing component 60
2026-05-08 11:29:09,111 INFO  ExportHelperExtension.cs: 1352 - Unfixing component 80
2026-05-08 11:29:09,111 INFO  ExportHelperExtension.cs: 1352 - Unfixing component 112
2026-05-08 11:29:10,543 WARN  ExportHelperExtension.cs: 351 - Creating joint from parent base_link to child camera_stand_Link failed
2026-05-08 11:29:10,618 INFO  ExportHelperExtension.cs: 1125 - Retrieving features of type [CoordSys] from 装配体1.SLDASM
2026-05-08 11:29:10,621 INFO  ExportHelperExtension.cs: 1136 - Found 143 in 装配体1.SLDASM
2026-05-08 11:29:10,621 INFO  ExportHelperExtension.cs: 1145 - Found 3 features of type [CoordSys] in 装配体1.SLDASM
2026-05-08 11:29:10,622 INFO  ExportHelperExtension.cs: 1148 - Proceeding through assembly components
2026-05-08 11:29:10,622 INFO  ExportHelperExtension.cs: 1160 - 26 components to check
2026-05-08 11:29:10,622 INFO  ExportHelperExtension.cs: 1125 - Retrieving features of type [CoordSys] from M-MAKT-950010-B-1
2026-05-08 11:29:10,622 INFO  ExportHelperExtension.cs: 1136 - Found 205 in M-MAKT-950010-B-1
2026-05-08 11:29:10,623 INFO  ExportHelperExtension.cs: 1145 - Found 0 features of type [CoordSys] in M-MAKT-950010-B-1
2026-05-08 11:29:10,623 INFO  ExportHelperExtension.cs: 1125 - Retrieving features of type [CoordSys] from 24V机械臂电源-2
2026-05-08 11:29:10,623 INFO  ExportHelperExtension.cs: 1136 - Found 39 in 24V机械臂电源-2
2026-05-08 11:29:10,623 INFO  ExportHelperExtension.cs: 1145 - Found 0 features of type [CoordSys] in 24V机械臂电源-2
2026-05-08 11:29:10,624 INFO  ExportHelperExtension.cs: 1125 - Retrieving features of type [CoordSys] from M-MAKT-950016-A-1
2026-05-08 11:29:10,624 INFO  ExportHelperExtension.cs: 1136 - Found 67 in M-MAKT-950016-A-1
2026-05-08 11:29:10,624 INFO  ExportHelperExtension.cs: 1145 - Found 0 features of type [CoordSys] in M-MAKT-950016-A-1
2026-05-08 11:29:10,624 INFO  ExportHelperExtension.cs: 1125 - Retrieving features of type [CoordSys] from YF24插座-1
2026-05-08 11:29:10,624 INFO  ExportHelperExtension.cs: 1136 - Found 36 in YF24插座-1
2026-05-08 11:29:10,625 INFO  ExportHelperExtension.cs: 1145 - Found 0 features of type [CoordSys] in YF24插座-1
2026-05-08 11:29:10,625 INFO  ExportHelperExtension.cs: 1125 - Retrieving features of type [CoordSys] from D型模块-1
2026-05-08 11:29:10,625 INFO  ExportHelperExtension.cs: 1136 - Found 29 in D型模块-1
2026-05-08 11:29:10,625 INFO  ExportHelperExtension.cs: 1145 - Found 0 features of type [CoordSys] in D型模块-1
2026-05-08 11:29:10,625 INFO  ExportHelperExtension.cs: 1125 - Retrieving features of type [CoordSys] from 24V机械臂电源-1
2026-05-08 11:29:10,626 INFO  ExportHelperExtension.cs: 1136 - Found 39 in 24V机械臂电源-1
2026-05-08 11:29:10,626 INFO  ExportHelperExtension.cs: 1145 - Found 0 features of type [CoordSys] in 24V机械臂电源-1
2026-05-08 11:29:10,626 INFO  ExportHelperExtension.cs: 1125 - Retrieving features of type [CoordSys] from 夹爪-1
2026-05-08 11:29:10,626 INFO  ExportHelperExtension.cs: 1136 - Found 137 in 夹爪-1
2026-05-08 11:29:10,627 INFO  ExportHelperExtension.cs: 1145 - Found 0 features of type [CoordSys] in 夹爪-1
2026-05-08 11:29:10,627 INFO  ExportHelperExtension.cs: 1125 - Retrieving features of type [CoordSys] from 7轴臂法兰-2
2026-05-08 11:29:10,627 INFO  ExportHelperExtension.cs: 1136 - Found 31 in 7轴臂法兰-2
2026-05-08 11:29:10,627 INFO  ExportHelperExtension.cs: 1145 - Found 0 features of type [CoordSys] in 7轴臂法兰-2
2026-05-08 11:29:10,627 INFO  ExportHelperExtension.cs: 1125 - Retrieving features of type [CoordSys] from HUB-1
2026-05-08 11:29:10,628 INFO  ExportHelperExtension.cs: 1136 - Found 36 in HUB-1
2026-05-08 11:29:10,628 INFO  ExportHelperExtension.cs: 1145 - Found 0 features of type [CoordSys] in HUB-1
2026-05-08 11:29:10,628 INFO  ExportHelperExtension.cs: 1125 - Retrieving features of type [CoordSys] from M-MAKT-950011-A-1
2026-05-08 11:29:10,628 INFO  ExportHelperExtension.cs: 1136 - Found 33 in M-MAKT-950011-A-1
2026-05-08 11:29:10,628 INFO  ExportHelperExtension.cs: 1145 - Found 0 features of type [CoordSys] in M-MAKT-950011-A-1
2026-05-08 11:29:10,629 INFO  ExportHelperExtension.cs: 1125 - Retrieving features of type [CoordSys] from M-MAKT-950014-A-1
2026-05-08 11:29:10,629 INFO  ExportHelperExtension.cs: 1136 - Found 44 in M-MAKT-950014-A-1
2026-05-08 11:29:10,629 INFO  ExportHelperExtension.cs: 1145 - Found 0 features of type [CoordSys] in M-MAKT-950014-A-1
2026-05-08 11:29:10,629 INFO  ExportHelperExtension.cs: 1125 - Retrieving features of type [CoordSys] from 7轴臂法兰-1
2026-05-08 11:29:10,629 INFO  ExportHelperExtension.cs: 1136 - Found 31 in 7轴臂法兰-1
2026-05-08 11:29:10,630 INFO  ExportHelperExtension.cs: 1145 - Found 0 features of type [CoordSys] in 7轴臂法兰-1
2026-05-08 11:29:10,630 INFO  ExportHelperExtension.cs: 1125 - Retrieving features of type [CoordSys] from M-MAKT-950013-A-2
2026-05-08 11:29:10,630 INFO  ExportHelperExtension.cs: 1136 - Found 45 in M-MAKT-950013-A-2
2026-05-08 11:29:10,630 INFO  ExportHelperExtension.cs: 1145 - Found 0 features of type [CoordSys] in M-MAKT-950013-A-2
2026-05-08 11:29:10,630 INFO  ExportHelperExtension.cs: 1125 - Retrieving features of type [CoordSys] from M-MAKT-950012-B-1
2026-05-08 11:29:10,631 INFO  ExportHelperExtension.cs: 1136 - Found 60 in M-MAKT-950012-B-1
2026-05-08 11:29:10,631 INFO  ExportHelperExtension.cs: 1145 - Found 0 features of type [CoordSys] in M-MAKT-950012-B-1
2026-05-08 11:29:10,631 INFO  ExportHelperExtension.cs: 1125 - Retrieving features of type [CoordSys] from M-MAKT-950013-A-1
2026-05-08 11:29:10,631 INFO  ExportHelperExtension.cs: 1136 - Found 45 in M-MAKT-950013-A-1
2026-05-08 11:29:10,631 INFO  ExportHelperExtension.cs: 1145 - Found 0 features of type [CoordSys] in M-MAKT-950013-A-1
2026-05-08 11:29:10,632 INFO  ExportHelperExtension.cs: 1125 - Retrieving features of type [CoordSys] from 夹子-1
2026-05-08 11:29:10,632 INFO  ExportHelperExtension.cs: 1136 - Found 29 in 夹子-1
2026-05-08 11:29:10,632 INFO  ExportHelperExtension.cs: 1145 - Found 0 features of type [CoordSys] in 夹子-1
2026-05-08 11:29:10,632 INFO  ExportHelperExtension.cs: 1125 - Retrieving features of type [CoordSys] from 夹爪-2
2026-05-08 11:29:10,633 INFO  ExportHelperExtension.cs: 1136 - Found 137 in 夹爪-2
2026-05-08 11:29:10,633 INFO  ExportHelperExtension.cs: 1145 - Found 0 features of type [CoordSys] in 夹爪-2
2026-05-08 11:29:10,633 INFO  ExportHelperExtension.cs: 1125 - Retrieving features of type [CoordSys] from 七轴外发模型-1
2026-05-08 11:29:10,633 INFO  ExportHelperExtension.cs: 1136 - Found 43 in 七轴外发模型-1
2026-05-08 11:29:10,634 INFO  ExportHelperExtension.cs: 1145 - Found 0 features of type [CoordSys] in 七轴外发模型-1
2026-05-08 11:29:10,634 INFO  ExportHelperExtension.cs: 1125 - Retrieving features of type [CoordSys] from D435i_Solid-1
2026-05-08 11:29:10,634 INFO  ExportHelperExtension.cs: 1136 - Found 29 in D435i_Solid-1
2026-05-08 11:29:10,634 INFO  ExportHelperExtension.cs: 1145 - Found 0 features of type [CoordSys] in D435i_Solid-1
2026-05-08 11:29:10,634 INFO  ExportHelperExtension.cs: 1125 - Retrieving features of type [CoordSys] from 夹子-2
2026-05-08 11:29:10,634 INFO  ExportHelperExtension.cs: 1136 - Found 29 in 夹子-2
2026-05-08 11:29:10,635 INFO  ExportHelperExtension.cs: 1145 - Found 0 features of type [CoordSys] in 夹子-2
2026-05-08 11:29:10,635 INFO  ExportHelperExtension.cs: 1125 - Retrieving features of type [CoordSys] from 七轴外发模型-2
2026-05-08 11:29:10,635 INFO  ExportHelperExtension.cs: 1136 - Found 43 in 七轴外发模型-2
2026-05-08 11:29:10,636 INFO  ExportHelperExtension.cs: 1145 - Found 0 features of type [CoordSys] in 七轴外发模型-2
2026-05-08 11:29:10,636 INFO  ExportHelperExtension.cs: 1125 - Retrieving features of type [CoordSys] from M-MAKT-950015-A-1
2026-05-08 11:29:10,636 INFO  ExportHelperExtension.cs: 1136 - Found 50 in M-MAKT-950015-A-1
2026-05-08 11:29:10,636 INFO  ExportHelperExtension.cs: 1145 - Found 0 features of type [CoordSys] in M-MAKT-950015-A-1
2026-05-08 11:29:10,636 INFO  ExportHelperExtension.cs: 1125 - Retrieving features of type [CoordSys] from D435i_Solid-2
2026-05-08 11:29:10,637 INFO  ExportHelperExtension.cs: 1136 - Found 29 in D435i_Solid-2
2026-05-08 11:29:10,637 INFO  ExportHelperExtension.cs: 1145 - Found 0 features of type [CoordSys] in D435i_Solid-2
2026-05-08 11:29:10,637 INFO  ExportHelperExtension.cs: 1125 - Retrieving features of type [RefAxis] from 装配体1.SLDASM
2026-05-08 11:29:10,637 INFO  ExportHelperExtension.cs: 1136 - Found 143 in 装配体1.SLDASM
2026-05-08 11:29:10,638 INFO  ExportHelperExtension.cs: 1145 - Found 1 features of type [RefAxis] in 装配体1.SLDASM
2026-05-08 11:29:10,638 INFO  ExportHelperExtension.cs: 1148 - Proceeding through assembly components
2026-05-08 11:29:10,638 INFO  ExportHelperExtension.cs: 1160 - 26 components to check
2026-05-08 11:29:10,638 INFO  ExportHelperExtension.cs: 1125 - Retrieving features of type [RefAxis] from M-MAKT-950010-B-1
2026-05-08 11:29:10,638 INFO  ExportHelperExtension.cs: 1136 - Found 205 in M-MAKT-950010-B-1
2026-05-08 11:29:10,639 INFO  ExportHelperExtension.cs: 1145 - Found 0 features of type [RefAxis] in M-MAKT-950010-B-1
2026-05-08 11:29:10,639 INFO  ExportHelperExtension.cs: 1125 - Retrieving features of type [RefAxis] from 24V机械臂电源-2
2026-05-08 11:29:10,639 INFO  ExportHelperExtension.cs: 1136 - Found 39 in 24V机械臂电源-2
2026-05-08 11:29:10,639 INFO  ExportHelperExtension.cs: 1145 - Found 0 features of type [RefAxis] in 24V机械臂电源-2
2026-05-08 11:29:10,640 INFO  ExportHelperExtension.cs: 1125 - Retrieving features of type [RefAxis] from M-MAKT-950016-A-1
2026-05-08 11:29:10,640 INFO  ExportHelperExtension.cs: 1136 - Found 67 in M-MAKT-950016-A-1
2026-05-08 11:29:10,640 INFO  ExportHelperExtension.cs: 1145 - Found 0 features of type [RefAxis] in M-MAKT-950016-A-1
2026-05-08 11:29:10,640 INFO  ExportHelperExtension.cs: 1125 - Retrieving features of type [RefAxis] from YF24插座-1
2026-05-08 11:29:10,640 INFO  ExportHelperExtension.cs: 1136 - Found 36 in YF24插座-1
2026-05-08 11:29:10,641 INFO  ExportHelperExtension.cs: 1145 - Found 0 features of type [RefAxis] in YF24插座-1
2026-05-08 11:29:10,641 INFO  ExportHelperExtension.cs: 1125 - Retrieving features of type [RefAxis] from D型模块-1
2026-05-08 11:29:10,652 INFO  ExportHelperExtension.cs: 1136 - Found 29 in D型模块-1
2026-05-08 11:29:10,652 INFO  ExportHelperExtension.cs: 1145 - Found 0 features of type [RefAxis] in D型模块-1
2026-05-08 11:29:10,653 INFO  ExportHelperExtension.cs: 1125 - Retrieving features of type [RefAxis] from 24V机械臂电源-1
2026-05-08 11:29:10,653 INFO  ExportHelperExtension.cs: 1136 - Found 39 in 24V机械臂电源-1
2026-05-08 11:29:10,653 INFO  ExportHelperExtension.cs: 1145 - Found 0 features of type [RefAxis] in 24V机械臂电源-1
2026-05-08 11:29:10,653 INFO  ExportHelperExtension.cs: 1125 - Retrieving features of type [RefAxis] from 夹爪-1
2026-05-08 11:29:10,654 INFO  ExportHelperExtension.cs: 1136 - Found 137 in 夹爪-1
2026-05-08 11:29:10,654 INFO  ExportHelperExtension.cs: 1145 - Found 0 features of type [RefAxis] in 夹爪-1
2026-05-08 11:29:10,654 INFO  ExportHelperExtension.cs: 1125 - Retrieving features of type [RefAxis] from 7轴臂法兰-2
2026-05-08 11:29:10,654 INFO  ExportHelperExtension.cs: 1136 - Found 31 in 7轴臂法兰-2
2026-05-08 11:29:10,655 INFO  ExportHelperExtension.cs: 1145 - Found 0 features of type [RefAxis] in 7轴臂法兰-2
2026-05-08 11:29:10,655 INFO  ExportHelperExtension.cs: 1125 - Retrieving features of type [RefAxis] from HUB-1
2026-05-08 11:29:10,655 INFO  ExportHelperExtension.cs: 1136 - Found 36 in HUB-1
2026-05-08 11:29:10,655 INFO  ExportHelperExtension.cs: 1145 - Found 0 features of type [RefAxis] in HUB-1
2026-05-08 11:29:10,655 INFO  ExportHelperExtension.cs: 1125 - Retrieving features of type [RefAxis] from M-MAKT-950011-A-1
2026-05-08 11:29:10,655 INFO  ExportHelperExtension.cs: 1136 - Found 33 in M-MAKT-950011-A-1
2026-05-08 11:29:10,656 INFO  ExportHelperExtension.cs: 1145 - Found 0 features of type [RefAxis] in M-MAKT-950011-A-1
2026-05-08 11:29:10,656 INFO  ExportHelperExtension.cs: 1125 - Retrieving features of type [RefAxis] from M-MAKT-950014-A-1
2026-05-08 11:29:10,656 INFO  ExportHelperExtension.cs: 1136 - Found 44 in M-MAKT-950014-A-1
2026-05-08 11:29:10,656 INFO  ExportHelperExtension.cs: 1145 - Found 0 features of type [RefAxis] in M-MAKT-950014-A-1
2026-05-08 11:29:10,657 INFO  ExportHelperExtension.cs: 1125 - Retrieving features of type [RefAxis] from 7轴臂法兰-1
2026-05-08 11:29:10,657 INFO  ExportHelperExtension.cs: 1136 - Found 31 in 7轴臂法兰-1
2026-05-08 11:29:10,657 INFO  ExportHelperExtension.cs: 1145 - Found 0 features of type [RefAxis] in 7轴臂法兰-1
2026-05-08 11:29:10,657 INFO  ExportHelperExtension.cs: 1125 - Retrieving features of type [RefAxis] from M-MAKT-950013-A-2
2026-05-08 11:29:10,657 INFO  ExportHelperExtension.cs: 1136 - Found 45 in M-MAKT-950013-A-2
2026-05-08 11:29:10,658 INFO  ExportHelperExtension.cs: 1145 - Found 0 features of type [RefAxis] in M-MAKT-950013-A-2
2026-05-08 11:29:10,658 INFO  ExportHelperExtension.cs: 1125 - Retrieving features of type [RefAxis] from M-MAKT-950012-B-1
2026-05-08 11:29:10,658 INFO  ExportHelperExtension.cs: 1136 - Found 60 in M-MAKT-950012-B-1
2026-05-08 11:29:10,658 INFO  ExportHelperExtension.cs: 1145 - Found 0 features of type [RefAxis] in M-MAKT-950012-B-1
2026-05-08 11:29:10,658 INFO  ExportHelperExtension.cs: 1125 - Retrieving features of type [RefAxis] from M-MAKT-950013-A-1
2026-05-08 11:29:10,658 INFO  ExportHelperExtension.cs: 1136 - Found 45 in M-MAKT-950013-A-1
2026-05-08 11:29:10,659 INFO  ExportHelperExtension.cs: 1145 - Found 0 features of type [RefAxis] in M-MAKT-950013-A-1
2026-05-08 11:29:10,659 INFO  ExportHelperExtension.cs: 1125 - Retrieving features of type [RefAxis] from 夹子-1
2026-05-08 11:29:10,659 INFO  ExportHelperExtension.cs: 1136 - Found 29 in 夹子-1
2026-05-08 11:29:10,659 INFO  ExportHelperExtension.cs: 1145 - Found 0 features of type [RefAxis] in 夹子-1
2026-05-08 11:29:10,659 INFO  ExportHelperExtension.cs: 1125 - Retrieving features of type [RefAxis] from 夹爪-2
2026-05-08 11:29:10,660 INFO  ExportHelperExtension.cs: 1136 - Found 137 in 夹爪-2
2026-05-08 11:29:10,660 INFO  ExportHelperExtension.cs: 1145 - Found 0 features of type [RefAxis] in 夹爪-2
2026-05-08 11:29:10,660 INFO  ExportHelperExtension.cs: 1125 - Retrieving features of type [RefAxis] from 七轴外发模型-1
2026-05-08 11:29:10,660 INFO  ExportHelperExtension.cs: 1136 - Found 43 in 七轴外发模型-1
2026-05-08 11:29:10,661 INFO  ExportHelperExtension.cs: 1145 - Found 1 features of type [RefAxis] in 七轴外发模型-1
2026-05-08 11:29:10,661 INFO  ExportHelperExtension.cs: 1125 - Retrieving features of type [RefAxis] from D435i_Solid-1
2026-05-08 11:29:10,661 INFO  ExportHelperExtension.cs: 1136 - Found 29 in D435i_Solid-1
2026-05-08 11:29:10,661 INFO  ExportHelperExtension.cs: 1145 - Found 0 features of type [RefAxis] in D435i_Solid-1
2026-05-08 11:29:10,661 INFO  ExportHelperExtension.cs: 1125 - Retrieving features of type [RefAxis] from 夹子-2
2026-05-08 11:29:10,661 INFO  ExportHelperExtension.cs: 1136 - Found 29 in 夹子-2
2026-05-08 11:29:10,662 INFO  ExportHelperExtension.cs: 1145 - Found 0 features of type [RefAxis] in 夹子-2
2026-05-08 11:29:10,662 INFO  ExportHelperExtension.cs: 1125 - Retrieving features of type [RefAxis] from 七轴外发模型-2
2026-05-08 11:29:10,662 INFO  ExportHelperExtension.cs: 1136 - Found 43 in 七轴外发模型-2
2026-05-08 11:29:10,662 INFO  ExportHelperExtension.cs: 1145 - Found 1 features of type [RefAxis] in 七轴外发模型-2
2026-05-08 11:29:10,663 INFO  ExportHelperExtension.cs: 1125 - Retrieving features of type [RefAxis] from M-MAKT-950015-A-1
2026-05-08 11:29:10,663 INFO  ExportHelperExtension.cs: 1136 - Found 50 in M-MAKT-950015-A-1
2026-05-08 11:29:10,663 INFO  ExportHelperExtension.cs: 1145 - Found 0 features of type [RefAxis] in M-MAKT-950015-A-1
2026-05-08 11:29:10,663 INFO  ExportHelperExtension.cs: 1125 - Retrieving features of type [RefAxis] from D435i_Solid-2
2026-05-08 11:29:10,663 INFO  ExportHelperExtension.cs: 1136 - Found 29 in D435i_Solid-2
2026-05-08 11:29:10,664 INFO  ExportHelperExtension.cs: 1145 - Found 0 features of type [RefAxis] in D435i_Solid-2
2026-05-08 11:29:10,687 INFO  ExportPropertyManager.cs: 1142 - AfterClose called. This method no longer throws an Exception. It just silently does nothing. Ok, except for this logging message
2026-05-08 11:29:23,376 INFO  AssemblyExportForm.cs: 253 - Completing URDF export
2026-05-08 11:29:23,380 INFO  ConfigurationSerialization.cs: 276 - URDF Configuration found
<Link z:Id="i1" xmlns="http://schemas.datacontract.org/2004/07/SW2URDF" xmlns:i="http://www.w3.org/2001/XMLSchema-instance" xmlns:z="http://schemas.microsoft.com/2003/10/Serialization/"><Attributes><Attribute z:Id="i2"><AttributeType>name</AttributeType><IsRequired>true</IsRequired><Value i:type="a:string" xmlns:a="http://www.w3.org/2001/XMLSchema">base_link</Value></Attribute></Attributes><ChildElements><URDFElement z:Id="i3" i:type="Inertial"><Attributes/><ChildElements><URDFElement z:Id="i4" i:type="Origin"><Attributes><Attribute z:Id="i5"><AttributeType>xyz</AttributeType><IsRequired>true</IsRequired><Value i:type="a:ArrayOfdouble" xmlns:a="http://schemas.microsoft.com/2003/10/Serialization/Arrays"><a:double>0</a:double><a:double>0</a:double><a:double>0</a:double></Value></Attribute><Attribute z:Id="i6"><AttributeType>rpy</AttributeType><IsRequired>true</IsRequired><Value i:type="a:ArrayOfdouble" xmlns:a="http://schemas.microsoft.com/2003/10/Serialization/Arrays"><a:double>0</a:double><a:double>0</a:double><a:double>0</a:double></Value></Attribute></Attributes><ChildElements/><ElementName>origin</ElementName><required>false</required><RPYAttribute z:Ref="i6"/><XYZAttribute z:Ref="i5"/><isCustomized>false</isCustomized></URDFElement><URDFElement z:Id="i7" i:type="Mass"><Attributes><Attribute z:Id="i8"><AttributeType>value</AttributeType><IsRequired>true</IsRequired><Value i:type="a:double" xmlns:a="http://www.w3.org/2001/XMLSchema">0</Value></Attribute></Attributes><ChildElements/><ElementName>mass</ElementName><required>false</required><ValueAttribute z:Ref="i8"/></URDFElement><URDFElement z:Id="i9" i:type="Inertia"><Attributes><Attribute z:Id="i10"><AttributeType>ixx</AttributeType><IsRequired>true</IsRequired><Value i:type="a:double" xmlns:a="http://www.w3.org/2001/XMLSchema">0</Value></Attribute><Attribute z:Id="i11"><AttributeType>ixy</AttributeType><IsRequired>true</IsRequired><Value i:type="a:double" xmlns:a="http://www.w3.org/2001/XMLSchema">0</Value></Attribute><Attribute z:Id="i12"><AttributeType>ixz</AttributeType><IsRequired>true</IsRequired><Value i:type="a:double" xmlns:a="http://www.w3.org/2001/XMLSchema">0</Value></Attribute><Attribute z:Id="i13"><AttributeType>iyy</AttributeType><IsRequired>true</IsRequired><Value i:type="a:double" xmlns:a="http://www.w3.org/2001/XMLSchema">0</Value></Attribute><Attribute z:Id="i14"><AttributeType>iyz</AttributeType><IsRequired>true</IsRequired><Value i:type="a:double" xmlns:a="http://www.w3.org/2001/XMLSchema">0</Value></Attribute><Attribute z:Id="i15"><AttributeType>izz</AttributeType><IsRequired>true</IsRequired><Value i:type="a:double" xmlns:a="http://www.w3.org/2001/XMLSchema">0</Value></Attribute></Attributes><ChildElements/><ElementName>inertia</ElementName><required>false</required><IxxAttribute z:Ref="i10"/><IxyAttribute z:Ref="i11"/><IxzAttribute z:Ref="i12"/><IyyAttribute z:Ref="i13"/><IyzAttribute z:Ref="i14"/><IzzAttribute z:Ref="i15"/></URDFElement></ChildElements><ElementName>inertial</ElementName><required>false</required><Inertia z:Ref="i9"/><Mass z:Ref="i7"/><Origin z:Ref="i4"/></URDFElement><URDFElement z:Id="i16" i:type="Visual"><Attributes/><ChildElements><URDFElement z:Id="i17" i:type="Origin"><Attributes><Attribute z:Id="i18"><AttributeType>xyz</AttributeType><IsRequired>true</IsRequired><Value i:type="a:ArrayOfdouble" xmlns:a="http://schemas.microsoft.com/2003/10/Serialization/Arrays"><a:double>0</a:double><a:double>0</a:double><a:double>0</a:double></Value></Attribute><Attribute z:Id="i19"><AttributeType>rpy</AttributeType><IsRequired>true</IsRequired><Value i:type="a:ArrayOfdouble" xmlns:a="http://schemas.microsoft.com/2003/10/Serialization/Arrays"><a:double>0</a:double><a:double>0</a:double><a:double>0</a:double></Value></Attribute></Attributes><ChildElements/><ElementName>origin</ElementName><required>false</required><RPYAttribute z:Ref="i19"/><XYZAttribute z:Ref="i18"/><isCustomized>false</isCustomized></URDFElement><URDFElement z:Id="i20" i:type="Geometry"><Attributes/><ChildElements><URDFElement z:Id="i21" i:type="Mesh"><Attributes><Attribute z:Id="i22"><AttributeType>filename</AttributeType><IsRequired>true</IsRequired><Value i:nil="true"/></Attribute></Attributes><ChildElements/><ElementName>mesh</ElementName><required>false</required><FilenameAttribute z:Ref="i22"/></URDFElement></ChildElements><ElementName>geometry</ElementName><required>true</required><Mesh z:Ref="i21"/></URDFElement><URDFElement z:Id="i23" i:type="Material"><Attributes><Attribute z:Id="i24"><AttributeType>name</AttributeType><IsRequired>true</IsRequired><Value i:type="a:string" xmlns:a="http://www.w3.org/2001/XMLSchema"/></Attribute></Attributes><ChildElements><URDFElement z:Id="i25" i:type="Color"><Attributes><Attribute z:Id="i26"><AttributeType>rgba</AttributeType><IsRequired>true</IsRequired><Value i:type="a:ArrayOfdouble" xmlns:a="http://schemas.microsoft.com/2003/10/Serialization/Arrays"><a:double>1</a:double><a:double>1</a:double><a:double>1</a:double><a:double>1</a:double></Value></Attribute></Attributes><ChildElements/><ElementName>color</ElementName><required>false</required><RGBAAttribute z:Ref="i26"/></URDFElement><URDFElement z:Id="i27" i:type="Texture"><Attributes><Attribute z:Id="i28"><AttributeType>filename</AttributeType><IsRequired>true</IsRequired><Value i:nil="true"/></Attribute></Attributes><ChildElements/><ElementName>texture</ElementName><required>false</required><FilenameAttribute z:Ref="i28"/><wFilename/></URDFElement></ChildElements><ElementName>material</ElementName><required>false</required><Color z:Ref="i25"/><NameAttribute z:Ref="i24"/><Texture z:Ref="i27"/></URDFElement></ChildElements><ElementName>visual</ElementName><required>false</required><Geometry z:Ref="i20"/><Material z:Ref="i23"/><Origin z:Ref="i17"/></URDFElement><URDFElement z:Id="i29" i:type="Collision"><Attributes/><ChildElements><URDFElement z:Id="i30" i:type="Origin"><Attributes><Attribute z:Id="i31"><AttributeType>xyz</AttributeType><IsRequired>true</IsRequired><Value i:type="a:ArrayOfdouble" xmlns:a="http://schemas.microsoft.com/2003/10/Serialization/Arrays"><a:double>0</a:double><a:double>0</a:double><a:double>0</a:double></Value></Attribute><Attribute z:Id="i32"><AttributeType>rpy</AttributeType><IsRequired>true</IsRequired><Value i:type="a:ArrayOfdouble" xmlns:a="http://schemas.microsoft.com/2003/10/Serialization/Arrays"><a:double>0</a:double><a:double>0</a:double><a:double>0</a:double></Value></Attribute></Attributes><ChildElements/><ElementName>origin</ElementName><required>false</required><RPYAttribute z:Ref="i32"/><XYZAttribute z:Ref="i31"/><isCustomized>false</isCustomized></URDFElement><URDFElement z:Id="i33" i:type="Geometry"><Attributes/><ChildElements><URDFElement z:Id="i34" i:type="Mesh"><Attributes><Attribute z:Id="i35"><AttributeType>filename</AttributeType><IsRequired>true</IsRequired><Value i:nil="true"/></Attribute></Attributes><ChildElements/><ElementName>mesh</ElementName><required>false</required><FilenameAttribute z:Ref="i35"/></URDFElement></ChildElements><ElementName>geometry</ElementName><required>true</required><Mesh z:Ref="i34"/></URDFElement></ChildElements><ElementName>collision</ElementName><required>false</required><Geometry z:Ref="i33"/><Origin z:Ref="i30"/></URDFElement><URDFElement z:Id="i36" i:type="Joint"><Attributes><Attribute z:Id="i37"><AttributeType>name</AttributeType><IsRequired>true</IsRequired><Value i:type="a:string" xmlns:a="http://www.w3.org/2001/XMLSchema"/></Attribute><Attribute z:Id="i38"><AttributeType>type</AttributeType><IsRequired>true</IsRequired><Value i:type="a:string" xmlns:a="http://www.w3.org/2001/XMLSchema"/></Attribute></Attributes><ChildElements><URDFElement z:Id="i39" i:type="Origin"><Attributes><Attribute z:Id="i40"><AttributeType>xyz</AttributeType><IsRequired>true</IsRequired><Value i:type="a:ArrayOfdouble" xmlns:a="http://schemas.microsoft.com/2003/10/Serialization/Arrays"><a:double>0</a:double><a:double>0</a:double><a:double>0</a:double></Value></Attribute><Attribute z:Id="i41"><AttributeType>rpy</AttributeType><IsRequired>true</IsRequired><Value i:type="a:ArrayOfdouble" xmlns:a="http://schemas.microsoft.com/2003/10/Serialization/Arrays"><a:double>0</a:double><a:double>0</a:double><a:double>0</a:double></Value></Attribute></Attributes><ChildElements/><ElementName>origin</ElementName><required>false</required><RPYAttribute z:Ref="i41"/><XYZAttribute z:Ref="i40"/><isCustomized>false</isCustomized></URDFElement><URDFElement z:Id="i42" i:type="ParentLink"><Attributes><Attribute z:Id="i43"><AttributeType>link</AttributeType><IsRequired>true</IsRequired><Value i:type="a:string" xmlns:a="http://www.w3.org/2001/XMLSchema"/></Attribute></Attributes><ChildElements/><ElementName>parent</ElementName><required>true</required><NameAttribute z:Ref="i43"/></URDFElement><URDFElement z:Id="i44" i:type="ChildLink"><Attributes><Attribute z:Id="i45"><AttributeType>link</AttributeType><IsRequired>true</IsRequired><Value i:type="a:string" xmlns:a="http://www.w3.org/2001/XMLSchema"/></Attribute></Attributes><ChildElements/><ElementName>child</ElementName><required>true</required><NameAttribute z:Ref="i45"/></URDFElement><URDFElement z:Id="i46" i:type="Axis"><Attributes><Attribute z:Id="i47"><AttributeType>xyz</AttributeType><IsRequired>true</IsRequired><Value i:type="a:ArrayOfdouble" xmlns:a="http://schemas.microsoft.com/2003/10/Serialization/Arrays"><a:double>0</a:double><a:double>0</a:double><a:double>0</a:double></Value></Attribute></Attributes><ChildElements/><ElementName>axis</ElementName><required>false</required><XYZAttribute z:Ref="i47"/></URDFElement><URDFElement z:Id="i48" i:type="Limit"><Attributes><Attribute z:Id="i49"><AttributeType>lower</AttributeType><IsRequired>false</IsRequired><Value i:nil="true"/></Attribute><Attribute z:Id="i50"><AttributeType>upper</AttributeType><IsRequired>false</IsRequired><Value i:nil="true"/></Attribute><Attribute z:Id="i51"><AttributeType>effort</AttributeType><IsRequired>true</IsRequired><Value i:nil="true"/></Attribute><Attribute z:Id="i52"><AttributeType>velocity</AttributeType><IsRequired>true</IsRequired><Value i:nil="true"/></Attribute></Attributes><ChildElements/><ElementName>limit</ElementName><required>false</required><EffortAttribute z:Ref="i51"/><LowerAttribute z:Ref="i49"/><UpperAttribute z:Ref="i50"/><VelocityAttribute z:Ref="i52"/></URDFElement><URDFElement z:Id="i53" i:type="Calibration"><Attributes><Attribute z:Id="i54"><AttributeType>rising</AttributeType><IsRequired>false</IsRequired><Value i:nil="true"/></Attribute><Attribute z:Id="i55"><AttributeType>falling</AttributeType><IsRequired>false</IsRequired><Value i:nil="true"/></Attribute></Attributes><ChildElements/><ElementName>calibration</ElementName><required>false</required><FallingAttribute z:Ref="i55"/><RisingAttribute z:Ref="i54"/></URDFElement><URDFElement z:Id="i56" i:type="Dynamics"><Attributes><Attribute z:Id="i57"><AttributeType>damping</AttributeType><IsRequired>false</IsRequired><Value i:nil="true"/></Attribute><Attribute z:Id="i58"><AttributeType>friction</AttributeType><IsRequired>false</IsRequired><Value i:nil="true"/></Attribute></Attributes><ChildElements/><ElementName>dynamics</ElementName><required>false</required><DampingAttribute z:Ref="i57"/><FrictionAttribute z:Ref="i58"/></URDFElement><URDFElement z:Id="i59" i:type="SafetyController"><Attributes><Attribute z:Id="i60"><AttributeType>soft_upper_limit</AttributeType><IsRequired>false</IsRequired><Value i:nil="true"/></Attribute><Attribute z:Id="i61"><AttributeType>soft_lower_limit</AttributeType><IsRequired>false</IsRequired><Value i:nil="true"/></Attribute><Attribute z:Id="i62"><AttributeType>k_position</AttributeType><IsRequired>false</IsRequired><Value i:nil="true"/></Attribute><Attribute z:Id="i63"><AttributeType>k_velocity</AttributeType><IsRequired>true</IsRequired><Value i:nil="true"/></Attribute></Attributes><ChildElements/><ElementName>safety_controller</ElementName><required>false</required><KPositionAttribute z:Ref="i62"/><KVelocityAttribute z:Ref="i63"/><SoftLowerAttribute z:Ref="i61"/><SoftUpperAttribute z:Ref="i60"/></URDFElement><URDFElement z:Id="i64" i:type="Mimic"><Attributes><Attribute z:Id="i65"><AttributeType>joint</AttributeType><IsRequired>true</IsRequired><Value i:nil="true"/></Attribute><Attribute z:Id="i66"><AttributeType>multiplier</AttributeType><IsRequired>false</IsRequired><Value i:nil="true"/></Attribute><Attribute z:Id="i67"><AttributeType>offset</AttributeType><IsRequired>false</IsRequired><Value i:nil="true"/></Attribute></Attributes><ChildElements/><ElementName>mimic</ElementName><required>false</required><JointNameAttribute z:Ref="i65"/><MultiplierAttribute z:Ref="i66"/><OffsetAttribute z:Ref="i67"/></URDFElement></ChildElements><ElementName>joint</ElementName><required>false</required><Axis z:Ref="i46"/><AxisName/><Calibration z:Ref="i53"/><Child z:Ref="i44"/><CoordinateSystemName>Automatically Generate</CoordinateSystemName><Dynamics z:Ref="i56"/><Limit z:Ref="i48"/><Mimic z:Ref="i64"/><NameAttribute z:Ref="i37"/><Origin z:Ref="i39"/><Parent z:Ref="i42"/><Safety z:Ref="i59"/><TypeAttribute z:Ref="i38"/></URDFElement></ChildElements><ElementName>link</ElementName><required>true</required><Children><Link z:Id="i68"><Attributes><Attribute z:Id="i69"><AttributeType>name</AttributeType><IsRequired>true</IsRequired><Value i:type="a:string" xmlns:a="http://www.w3.org/2001/XMLSchema">camera_stand_Link</Value></Attribute></Attributes><ChildElements><URDFElement z:Id="i70" i:type="Inertial"><Attributes/><ChildElements><URDFElement z:Id="i71" i:type="Origin"><Attributes><Attribute z:Id="i72"><AttributeType>xyz</AttributeType><IsRequired>true</IsRequired><Value i:type="a:ArrayOfdouble" xmlns:a="http://schemas.microsoft.com/2003/10/Serialization/Arrays"><a:double>0</a:double><a:double>0</a:double><a:double>0</a:double></Value></Attribute><Attribute z:Id="i73"><AttributeType>rpy</AttributeType><IsRequired>true</IsRequired><Value i:type="a:ArrayOfdouble" xmlns:a="http://schemas.microsoft.com/2003/10/Serialization/Arrays"><a:double>0</a:double><a:double>0</a:double><a:double>0</a:double></Value></Attribute></Attributes><ChildElements/><ElementName>origin</ElementName><required>false</required><RPYAttribute z:Ref="i73"/><XYZAttribute z:Ref="i72"/><isCustomized>false</isCustomized></URDFElement><URDFElement z:Id="i74" i:type="Mass"><Attributes><Attribute z:Id="i75"><AttributeType>value</AttributeType><IsRequired>true</IsRequired><Value i:type="a:double" xmlns:a="http://www.w3.org/2001/XMLSchema">0</Value></Attribute></Attributes><ChildElements/><ElementName>mass</ElementName><required>false</required><ValueAttribute z:Ref="i75"/></URDFElement><URDFElement z:Id="i76" i:type="Inertia"><Attributes><Attribute z:Id="i77"><AttributeType>ixx</AttributeType><IsRequired>true</IsRequired><Value i:type="a:double" xmlns:a="http://www.w3.org/2001/XMLSchema">0</Value></Attribute><Attribute z:Id="i78"><AttributeType>ixy</AttributeType><IsRequired>true</IsRequired><Value i:type="a:double" xmlns:a="http://www.w3.org/2001/XMLSchema">0</Value></Attribute><Attribute z:Id="i79"><AttributeType>ixz</AttributeType><IsRequired>true</IsRequired><Value i:type="a:double" xmlns:a="http://www.w3.org/2001/XMLSchema">0</Value></Attribute><Attribute z:Id="i80"><AttributeType>iyy</AttributeType><IsRequired>true</IsRequired><Value i:type="a:double" xmlns:a="http://www.w3.org/2001/XMLSchema">0</Value></Attribute><Attribute z:Id="i81"><AttributeType>iyz</AttributeType><IsRequired>true</IsRequired><Value i:type="a:double" xmlns:a="http://www.w3.org/2001/XMLSchema">0</Value></Attribute><Attribute z:Id="i82"><AttributeType>izz</AttributeType><IsRequired>true</IsRequired><Value i:type="a:double" xmlns:a="http://www.w3.org/2001/XMLSchema">0</Value></Attribute></Attributes><ChildElements/><ElementName>inertia</ElementName><required>false</required><IxxAttribute z:Ref="i77"/><IxyAttribute z:Ref="i78"/><IxzAttribute z:Ref="i79"/><IyyAttribute z:Ref="i80"/><IyzAttribute z:Ref="i81"/><IzzAttribute z:Ref="i82"/></URDFElement></ChildElements><ElementName>inertial</ElementName><required>false</required><Inertia z:Ref="i76"/><Mass z:Ref="i74"/><Origin z:Ref="i71"/></URDFElement><URDFElement z:Id="i83" i:type="Visual"><Attributes/><ChildElements><URDFElement z:Id="i84" i:type="Origin"><Attributes><Attribute z:Id="i85"><AttributeType>xyz</AttributeType><IsRequired>true</IsRequired><Value i:type="a:ArrayOfdouble" xmlns:a="http://schemas.microsoft.com/2003/10/Serialization/Arrays"><a:double>0</a:double><a:double>0</a:double><a:double>0</a:double></Value></Attribute><Attribute z:Id="i86"><AttributeType>rpy</AttributeType><IsRequired>true</IsRequired><Value i:type="a:ArrayOfdouble" xmlns:a="http://schemas.microsoft.com/2003/10/Serialization/Arrays"><a:double>0</a:double><a:double>0</a:double><a:double>0</a:double></Value></Attribute></Attributes><ChildElements/><ElementName>origin</ElementName><required>false</required><RPYAttribute z:Ref="i86"/><XYZAttribute z:Ref="i85"/><isCustomized>false</isCustomized></URDFElement><URDFElement z:Id="i87" i:type="Geometry"><Attributes/><ChildElements><URDFElement z:Id="i88" i:type="Mesh"><Attributes><Attribute z:Id="i89"><AttributeType>filename</AttributeType><IsRequired>true</IsRequired><Value i:nil="true"/></Attribute></Attributes><ChildElements/><ElementName>mesh</ElementName><required>false</required><FilenameAttribute z:Ref="i89"/></URDFElement></ChildElements><ElementName>geometry</ElementName><required>true</required><Mesh z:Ref="i88"/></URDFElement><URDFElement z:Id="i90" i:type="Material"><Attributes><Attribute z:Id="i91"><AttributeType>name</AttributeType><IsRequired>true</IsRequired><Value i:type="a:string" xmlns:a="http://www.w3.org/2001/XMLSchema"/></Attribute></Attributes><ChildElements><URDFElement z:Id="i92" i:type="Color"><Attributes><Attribute z:Id="i93"><AttributeType>rgba</AttributeType><IsRequired>true</IsRequired><Value i:type="a:ArrayOfdouble" xmlns:a="http://schemas.microsoft.com/2003/10/Serialization/Arrays"><a:double>1</a:double><a:double>1</a:double><a:double>1</a:double><a:double>1</a:double></Value></Attribute></Attributes><ChildElements/><ElementName>color</ElementName><required>false</required><RGBAAttribute z:Ref="i93"/></URDFElement><URDFElement z:Id="i94" i:type="Texture"><Attributes><Attribute z:Id="i95"><AttributeType>filename</AttributeType><IsRequired>true</IsRequired><Value i:nil="true"/></Attribute></Attributes><ChildElements/><ElementName>texture</ElementName><required>false</required><FilenameAttribute z:Ref="i95"/><wFilename/></URDFElement></ChildElements><ElementName>material</ElementName><required>false</required><Color z:Ref="i92"/><NameAttribute z:Ref="i91"/><Texture z:Ref="i94"/></URDFElement></ChildElements><ElementName>visual</ElementName><required>false</required><Geometry z:Ref="i87"/><Material z:Ref="i90"/><Origin z:Ref="i84"/></URDFElement><URDFElement z:Id="i96" i:type="Collision"><Attributes/><ChildElements><URDFElement z:Id="i97" i:type="Origin"><Attributes><Attribute z:Id="i98"><AttributeType>xyz</AttributeType><IsRequired>true</IsRequired><Value i:type="a:ArrayOfdouble" xmlns:a="http://schemas.microsoft.com/2003/10/Serialization/Arrays"><a:double>0</a:double><a:double>0</a:double><a:double>0</a:double></Value></Attribute><Attribute z:Id="i99"><AttributeType>rpy</AttributeType><IsRequired>true</IsRequired><Value i:type="a:ArrayOfdouble" xmlns:a="http://schemas.microsoft.com/2003/10/Serialization/Arrays"><a:double>0</a:double><a:double>0</a:double><a:double>0</a:double></Value></Attribute></Attributes><ChildElements/><ElementName>origin</ElementName><required>false</required><RPYAttribute z:Ref="i99"/><XYZAttribute z:Ref="i98"/><isCustomized>false</isCustomized></URDFElement><URDFElement z:Id="i100" i:type="Geometry"><Attributes/><ChildElements><URDFElement z:Id="i101" i:type="Mesh"><Attributes><Attribute z:Id="i102"><AttributeType>filename</AttributeType><IsRequired>true</IsRequired><Value i:nil="true"/></Attribute></Attributes><ChildElements/><ElementName>mesh</ElementName><required>false</required><FilenameAttribute z:Ref="i102"/></URDFElement></ChildElements><ElementName>geometry</ElementName><required>true</required><Mesh z:Ref="i101"/></URDFElement></ChildElements><ElementName>collision</ElementName><required>false</required><Geometry z:Ref="i100"/><Origin z:Ref="i97"/></URDFElement><URDFElement z:Id="i103" i:type="Joint"><Attributes><Attribute z:Id="i104"><AttributeType>name</AttributeType><IsRequired>true</IsRequired><Value i:type="a:string" xmlns:a="http://www.w3.org/2001/XMLSchema">camera_stand_joint</Value></Attribute><Attribute z:Id="i105"><AttributeType>type</AttributeType><IsRequired>true</IsRequired><Value i:type="a:string" xmlns:a="http://www.w3.org/2001/XMLSchema">fixed</Value></Attribute></Attributes><ChildElements><URDFElement z:Id="i106" i:type="Origin"><Attributes><Attribute z:Id="i107"><AttributeType>xyz</AttributeType><IsRequired>true</IsRequired><Value i:type="a:ArrayOfdouble" xmlns:a="http://schemas.microsoft.com/2003/10/Serialization/Arrays"><a:double>0</a:double><a:double>0</a:double><a:double>0</a:double></Value></Attribute><Attribute z:Id="i108"><AttributeType>rpy</AttributeType><IsRequired>true</IsRequired><Value i:type="a:ArrayOfdouble" xmlns:a="http://schemas.microsoft.com/2003/10/Serialization/Arrays"><a:double>0</a:double><a:double>0</a:double><a:double>0</a:double></Value></Attribute></Attributes><ChildElements/><ElementName>origin</ElementName><required>false</required><RPYAttribute z:Ref="i108"/><XYZAttribute z:Ref="i107"/><isCustomized>false</isCustomized></URDFElement><URDFElement z:Id="i109" i:type="ParentLink"><Attributes><Attribute z:Id="i110"><AttributeType>link</AttributeType><IsRequired>true</IsRequired><Value i:type="a:string" xmlns:a="http://www.w3.org/2001/XMLSchema"/></Attribute></Attributes><ChildElements/><ElementName>parent</ElementName><required>true</required><NameAttribute z:Ref="i110"/></URDFElement><URDFElement z:Id="i111" i:type="ChildLink"><Attributes><Attribute z:Id="i112"><AttributeType>link</AttributeType><IsRequired>true</IsRequired><Value i:type="a:string" xmlns:a="http://www.w3.org/2001/XMLSchema"/></Attribute></Attributes><ChildElements/><ElementName>child</ElementName><required>true</required><NameAttribute z:Ref="i112"/></URDFElement><URDFElement z:Id="i113" i:type="Axis"><Attributes><Attribute z:Id="i114"><AttributeType>xyz</AttributeType><IsRequired>true</IsRequired><Value i:type="a:ArrayOfdouble" xmlns:a="http://schemas.microsoft.com/2003/10/Serialization/Arrays"><a:double>0</a:double><a:double>0</a:double><a:double>0</a:double></Value></Attribute></Attributes><ChildElements/><ElementName>axis</ElementName><required>false</required><XYZAttribute z:Ref="i114"/></URDFElement><URDFElement z:Id="i115" i:type="Limit"><Attributes><Attribute z:Id="i116"><AttributeType>lower</AttributeType><IsRequired>false</IsRequired><Value i:nil="true"/></Attribute><Attribute z:Id="i117"><AttributeType>upper</AttributeType><IsRequired>false</IsRequired><Value i:nil="true"/></Attribute><Attribute z:Id="i118"><AttributeType>effort</AttributeType><IsRequired>true</IsRequired><Value i:nil="true"/></Attribute><Attribute z:Id="i119"><AttributeType>velocity</AttributeType><IsRequired>true</IsRequired><Value i:nil="true"/></Attribute></Attributes><ChildElements/><ElementName>limit</ElementName><required>false</required><EffortAttribute z:Ref="i118"/><LowerAttribute z:Ref="i116"/><UpperAttribute z:Ref="i117"/><VelocityAttribute z:Ref="i119"/></URDFElement><URDFElement z:Id="i120" i:type="Calibration"><Attributes><Attribute z:Id="i121"><AttributeType>rising</AttributeType><IsRequired>false</IsRequired><Value i:nil="true"/></Attribute><Attribute z:Id="i122"><AttributeType>falling</AttributeType><IsRequired>false</IsRequired><Value i:nil="true"/></Attribute></Attributes><ChildElements/><ElementName>calibration</ElementName><required>false</required><FallingAttribute z:Ref="i122"/><RisingAttribute z:Ref="i121"/></URDFElement><URDFElement z:Id="i123" i:type="Dynamics"><Attributes><Attribute z:Id="i124"><AttributeType>damping</AttributeType><IsRequired>false</IsRequired><Value i:nil="true"/></Attribute><Attribute z:Id="i125"><AttributeType>friction</AttributeType><IsRequired>false</IsRequired><Value i:nil="true"/></Attribute></Attributes><ChildElements/><ElementName>dynamics</ElementName><required>false</required><DampingAttribute z:Ref="i124"/><FrictionAttribute z:Ref="i125"/></URDFElement><URDFElement z:Id="i126" i:type="SafetyController"><Attributes><Attribute z:Id="i127"><AttributeType>soft_upper_limit</AttributeType><IsRequired>false</IsRequired><Value i:nil="true"/></Attribute><Attribute z:Id="i128"><AttributeType>soft_lower_limit</AttributeType><IsRequired>false</IsRequired><Value i:nil="true"/></Attribute><Attribute z:Id="i129"><AttributeType>k_position</AttributeType><IsRequired>false</IsRequired><Value i:nil="true"/></Attribute><Attribute z:Id="i130"><AttributeType>k_velocity</AttributeType><IsRequired>true</IsRequired><Value i:nil="true"/></Attribute></Attributes><ChildElements/><ElementName>safety_controller</ElementName><required>false</required><KPositionAttribute z:Ref="i129"/><KVelocityAttribute z:Ref="i130"/><SoftLowerAttribute z:Ref="i128"/><SoftUpperAttribute z:Ref="i127"/></URDFElement><URDFElement z:Id="i131" i:type="Mimic"><Attributes><Attribute z:Id="i132"><AttributeType>joint</AttributeType><IsRequired>true</IsRequired><Value i:nil="true"/></Attribute><Attribute z:Id="i133"><AttributeType>multiplier</AttributeType><IsRequired>false</IsRequired><Value i:nil="true"/></Attribute><Attribute z:Id="i134"><AttributeType>offset</AttributeType><IsRequired>false</IsRequired><Value i:nil="true"/></Attribute></Attributes><ChildElements/><ElementName>mimic</ElementName><required>false</required><JointNameAttribute z:Ref="i132"/><MultiplierAttribute z:Ref="i133"/><OffsetAttribute z:Ref="i134"/></URDFElement></ChildElements><ElementName>joint</ElementName><required>false</required><Axis z:Ref="i113"/><AxisName>None</AxisName><Calibration z:Ref="i120"/><Child z:Ref="i111"/><CoordinateSystemName>?????????2</CoordinateSystemName><Dynamics z:Ref="i123"/><Limit z:Ref="i115"/><Mimic z:Ref="i131"/><NameAttribute z:Ref="i104"/><Origin z:Ref="i106"/><Parent z:Ref="i109"/><Safety z:Ref="i126"/><TypeAttribute z:Ref="i105"/></URDFElement></ChildElements><ElementName>link</ElementName><required>true</required><Children/><Collision z:Ref="i96"/><Inertial z:Ref="i70"/><Joint z:Ref="i103"/><NameAttribute z:Ref="i69"/><Parent z:Ref="i1"/><STLQualityFine>false</STLQualityFine><SWComponentPIDs xmlns:a="http://schemas.microsoft.com/2003/10/Serialization/Arrays"><a:base64Binary>aEIAAAUAAAD//v8WTQAtAE0AQQBLAFQALQA5ADUAMAAwADEANAAtAEEALQAxAEAAxYhNkVNPMQAEAAAAEAAAAAEAAAABAAAAbQAAAA==</a:base64Binary></SWComponentPIDs><SWMainComponentPID i:nil="true"/><Visual z:Ref="i83"/><isFixedFrame>false</isFixedFrame><isIncomplete>false</isIncomplete></Link></Children><Collision z:Ref="i29"/><Inertial z:Ref="i3"/><Joint z:Ref="i36"/><NameAttribute z:Ref="i2"/><Parent i:nil="true"/><STLQualityFine>false</STLQualityFine><SWComponentPIDs xmlns:a="http://schemas.microsoft.com/2003/10/Serialization/Arrays"><a:base64Binary>aEIAAAUAAAD//v8WTQAtAE0AQQBLAFQALQA5ADUAMAAwADEAMAAtAEIALQAxAEAAxYhNkVNPMQAEAAAAEAAAAAEAAAABAAAAGQAAAA==</a:base64Binary><a:base64Binary>aEIAAAUAAAD//v8WTQAtAE0AQQBLAFQALQA5ADUAMAAwADEAMQAtAEEALQAxAEAAxYhNkVNPMQAEAAAAEAAAAAEAAAABAAAARgAAAA==</a:base64Binary><a:base64Binary>aEIAAAUAAAD//v8NWQBGADIANADSY6deLQAxAEAAxYhNkVNPMQAEAAAAEAAAAAEAAAABAAAAGgAAAA==</a:base64Binary><a:base64Binary>aEIAAAUAAAD//v8LRACLVyFqV1ctADEAQADFiE2RU08xAAQAAAAQAAAAAQAAAAEAAAAdAAAA</a:base64Binary><a:base64Binary>aEIAAAUAAAD//v8WTQAtAE0AQQBLAFQALQA5ADUAMAAwADEAMgAtAEIALQAxAEAAxYhNkVNPMQAEAAAAEAAAAAEAAAABAAAASgAAAA==</a:base64Binary><a:base64Binary>aEIAAAUAAAD//v8WTQAtAE0AQQBLAFQALQA5ADUAMAAwADEAMwAtAEEALQAyAEAAxYhNkVNPMQAEAAAAEAAAAAEAAAABAAAAWAAAAA==</a:base64Binary><a:base64Binary>aEIAAAUAAAD//v8KSABVAEIALQAxAEAAxYhNkVNPMQAEAAAAEAAAAAEAAAABAAAAPAAAAA==</a:base64Binary><a:base64Binary>aEIAAAUAAAD//v8WTQAtAE0AQQBLAFQALQA5ADUAMAAwADEAMwAtAEEALQAxAEAAxYhNkVNPMQAEAAAAEAAAAAEAAAABAAAAUAAAAA==</a:base64Binary><a:base64Binary>aEIAAAUAAAD//v8WTQAtAE0AQQBLAFQALQA5ADUAMAAwADEANQAtAEEALQAxAEAAxYhNkVNPMQAEAAAAEAAAAAEAAAABAAAAcAAAAA==</a:base64Binary></SWComponentPIDs><SWMainComponentPID i:nil="true"/><Visual z:Ref="i16"/><isFixedFrame>false</isFixedFrame><isIncomplete>false</isIncomplete></Link>
2026-05-08 11:29:49,332 INFO  AssemblyExportForm.cs: 309 - Saving URDF package to C:\Users\Jialin.Yang\Desktop\open_nero_description
2026-05-08 11:29:49,333 INFO  ExportHelper.cs: 147 - Beginning the export process
2026-05-08 11:29:49,337 INFO  ExportHelper.cs: 153 - Creating package directories with name open_nero_description and save path C:\Users\Jialin.Yang\Desktop
2026-05-08 11:29:50,483 INFO  ExportHelper.cs: 162 - Creating CMakeLists.txt at C:\Users\Jialin.Yang\Desktop\open_nero_description\CMakeLists.txt
2026-05-08 11:29:50,484 INFO  ExportHelper.cs: 166 - Creating joint names config at C:\Users\Jialin.Yang\Desktop\open_nero_description\config\joint_names_open_nero_description.yaml
2026-05-08 11:29:50,485 INFO  ExportHelper.cs: 170 - Creating package.xml at C:\Users\Jialin.Yang\Desktop\open_nero_description\package.xml
2026-05-08 11:29:50,486 INFO  PackageXMLWriter.cs: 21 - Creating package.xml at C:\Users\Jialin.Yang\Desktop\open_nero_description\package.xml
2026-05-08 11:29:50,488 INFO  ExportHelper.cs: 177 - Creating RVIZ launch file in C:\Users\Jialin.Yang\Desktop\open_nero_description\launch\
2026-05-08 11:29:50,489 INFO  ExportHelper.cs: 182 - Creating Gazebo launch file in C:\Users\Jialin.Yang\Desktop\open_nero_description\launch\
2026-05-08 11:29:50,490 INFO  ExportHelper.cs: 187 - Saving existing STL preferences
2026-05-08 11:29:50,490 INFO  ExportHelper.cs: 450 - Saving users preferences
2026-05-08 11:29:50,491 INFO  ExportHelper.cs: 190 - Modifying STL preferences
2026-05-08 11:29:50,491 INFO  ExportHelper.cs: 464 - Setting STL preferences
2026-05-08 11:29:50,494 INFO  ExportHelper.cs: 196 - Found 42 hidden components 夹爪-1/M-MAKT-950005-A-1, 夹爪-1/M-MAKT-950007-A-1, 夹爪-1/电机-1, 夹爪-1/MGN7导轨-1, 夹爪-1/MANIFOLD_SOLID_BREP_39_1_1-1-1, 夹爪-1/MANIFOLD_SOLID_BREP_39_1_1-1-2, 夹爪-1/F4.9M.P5-1, 夹爪-1/F4.9M.P5-2, 夹爪-1/M-MAKT-950008-B-1, 夹爪-1/M-MAKT-950008-B-2, 夹爪-1/F4.9M.P5-3, 夹爪-1/F4.9M.P5-4, 夹爪-1/MF74轴承-2, 夹爪-1/M-MAKT-9500010-A-1, 夹爪-1/M3螺丝-1, 夹爪-1/M-MAKT-950009-A-1, 夹爪-1/D435i_Solid-1, 夹爪-1/M3螺丝-2, 夹爪-1/M3螺丝-4, 夹爪-1/M3螺丝-3, 夹爪-1/MF74轴承-3, 夹爪-1/MF74轴承-1, 夹爪-1/末端-1, 夹爪-1/末端-2, 夹爪-1/试管-1, 夹爪-1/M-MAKT-950009-A-2, 夹爪-1/试管-2, 夹爪-1/试管架-1, 夹爪-1/MF74轴承-4, 7轴臂法兰-2, 7轴臂法兰-1, 夹子-1, 夹爪-2, 夹爪-2/电机-1/3510-1, 夹爪-2/试管-1, 夹爪-2/试管-2, 夹爪-2/试管架-1, 七轴外发模型-1, D435i_Solid-1, 夹子-2, 七轴外发模型-2, D435i_Solid-2
2026-05-08 11:29:50,495 INFO  ExportHelper.cs: 197 - Hiding all components
2026-05-08 11:29:50,556 INFO  ExportHelper.cs: 204 - Beginning individual files export
2026-05-08 11:29:50,557 INFO  ExportHelper.cs: 270 - Exporting link: base_link
2026-05-08 11:29:50,558 INFO  ExportHelper.cs: 272 - Link base_link has 1 children
2026-05-08 11:29:50,558 INFO  ExportHelper.cs: 270 - Exporting link: camera_stand_Link
2026-05-08 11:29:50,559 INFO  ExportHelper.cs: 272 - Link camera_stand_Link has 0 children
2026-05-08 11:29:50,559 INFO  ExportHelper.cs: 317 - camera_stand_Link: Exporting STL with coordinate frame 坐标系2
2026-05-08 11:29:50,559 INFO  ExportHelper.cs: 322 - camera_stand_Link: Reference geometry name 
2026-05-08 11:29:50,636 INFO  ExportHelper.cs: 330 - Saving STL to C:\Users\Jialin.Yang\Desktop\open_nero_description\meshes\camera_stand_Link.STL
2026-05-08 11:29:50,757 INFO  ExportHelper.cs: 405 - Removing SW header in STL file
2026-05-08 11:29:50,758 INFO  ExportHelper.cs: 317 - base_link: Exporting STL with coordinate frame Origin_global
2026-05-08 11:29:50,758 INFO  ExportHelper.cs: 322 - base_link: Reference geometry name 
2026-05-08 11:29:50,812 INFO  ExportHelper.cs: 330 - Saving STL to C:\Users\Jialin.Yang\Desktop\open_nero_description\meshes\base_link.STL
2026-05-08 11:29:51,436 INFO  ExportHelper.cs: 405 - Removing SW header in STL file
2026-05-08 11:29:51,437 INFO  ExportHelper.cs: 145 - Showing all components except previously hidden components
2026-05-08 11:29:51,869 INFO  ExportHelper.cs: 145 - Resetting STL preferences
2026-05-08 11:29:51,869 INFO  ExportHelper.cs: 478 - Returning STL preferences to user preferences
2026-05-08 11:29:51,870 INFO  ExportHelper.cs: 228 - Writing URDF file to C:\Users\Jialin.Yang\Desktop\open_nero_description\urdf\open_nero_description.urdf
2026-05-08 11:29:51,923 INFO  CSVImportExport.cs: 32 - Writing CSV file C:\Users\Jialin.Yang\Desktop\open_nero_description\urdf\open_nero_description.csv
2026-05-08 11:29:51,934 ERROR CSVImportExport.cs: 130 - The following columns were not written to the CSV: Link.Joint.ChildLink.link,
2026-05-08 11:29:51,935 ERROR CSVImportExport.cs: 130 - The following columns were not written to the CSV: Link.Joint.ChildLink.link,
2026-05-08 11:29:51,935 INFO  ExportHelper.cs: 234 - Copying log file
2026-05-08 11:29:51,937 INFO  ExportHelper.cs: 439 - Copying C:\Users\Jialin.Yang\sw2urdf_logs\sw2urdf.log to C:\Users\Jialin.Yang\Desktop\open_nero_description\export.log
